Component: ARM Compiler 5.06 update 4 (build 422) Tool: armlink [4d35d2]

==============================================================================

Section Cross References

    main.o(.text) refers to _printf_percent.o(.ARM.Collect$$_printf_percent$$00000000) for _printf_percent
    main.o(.text) refers to _printf_d.o(.ARM.Collect$$_printf_percent$$00000009) for _printf_d
    main.o(.text) refers to _printf_dec.o(.text) for _printf_int_dec
    main.o(.text) refers to delay.o(.text) for delay_init
    main.o(.text) refers to usart1.o(.text) for Usart1_init
    main.o(.text) refers to __2printf.o(.text) for __2printf
    main.o(.text) refers to sd.o(.text) for SD_Init
    main.o(.text) refers to ff.o(.text) for f_mount
    main.o(.text) refers to llsdiv.o(.text) for __aeabi_ldivmod
    main.o(.text) refers to queue.o(.text) for nqtt_WrQue
    main.o(.text) refers to printf.o(.text) for printf
    main.o(.text) refers to queue.o(.bss) for fs
    main.o(.text) refers to sd.o(.bss) for SDCardInfo
    main.o(.text) refers to main.o(.data) for i
    delay.o(.text) refers to misc.o(.text) for SysTick_CLKSourceConfig
    usart1.o(.rev16_text) refers (Special) to use_no_semi_2.o(.text) for __use_no_semihosting
    usart1.o(.revsh_text) refers (Special) to use_no_semi_2.o(.text) for __use_no_semihosting
    usart1.o(.text) refers (Special) to use_no_semi_2.o(.text) for __use_no_semihosting
    usart1.o(.text) refers to stm32f4xx_rcc.o(.text) for RCC_AHB1PeriphClockCmd
    usart1.o(.text) refers to stm32f4xx_gpio.o(.text) for GPIO_PinAFConfig
    usart1.o(.text) refers to stm32f4xx_usart.o(.text) for USART_Init
    usart1.o(.text) refers to misc.o(.text) for NVIC_Init
    usart1.o(.bss) refers (Special) to use_no_semi_2.o(.text) for __use_no_semihosting
    usart1.o(.data) refers (Special) to use_no_semi_2.o(.text) for __use_no_semihosting
    sd.o(.text) refers to stm32f4xx_sdio.o(.text) for SDIO_GetFlagStatus
    sd.o(.text) refers to sd.o(.data) for DeviceMode
    sd.o(.text) refers to sd.o(.bss) for SDIO_CmdInitStructure
    sd.o(.text) refers to stm32f4xx_rcc.o(.text) for RCC_AHB1PeriphClockCmd
    sd.o(.text) refers to stm32f4xx_gpio.o(.text) for GPIO_Init
    sd.o(.text) refers to misc.o(.text) for NVIC_Init
    sd.o(.text) refers to stm32f4xx_dma.o(.text) for DMA_GetCmdStatus
    sd.o(.text) refers to sd.o(.emb_text) for INTX_DISABLE
    sd.o(.text) refers to rt_memcpy_v6.o(.text) for __aeabi_memcpy
    adc.o(.text) refers to stm32f4xx_rcc.o(.text) for RCC_AHB1PeriphClockCmd
    adc.o(.text) refers to stm32f4xx_gpio.o(.text) for GPIO_Init
    adc.o(.text) refers to stm32f4xx_adc.o(.text) for ADC_CommonInit
    adc.o(.text) refers to delay.o(.text) for delay_ms
    queue.o(.text) refers to _printf_percent.o(.ARM.Collect$$_printf_percent$$00000000) for _printf_percent
    queue.o(.text) refers to _printf_u.o(.ARM.Collect$$_printf_percent$$0000000A) for _printf_u
    queue.o(.text) refers to _printf_dec.o(.text) for _printf_int_dec
    queue.o(.text) refers to _scanf_int.o(.text) for _scanf_int
    queue.o(.text) refers to ff.o(.text) for f_lseek
    queue.o(.text) refers to strlen.o(.text) for strlen
    queue.o(.text) refers to rt_memclr.o(.text) for __aeabi_memclr
    queue.o(.text) refers to __2sprintf.o(.text) for __2sprintf
    queue.o(.text) refers to strcat.o(.text) for strcat
    queue.o(.text) refers to __0sscanf.o(.text) for __0sscanf
    queue.o(.text) refers to queue.o(.bss) for stuNQTT1
    startup_stm32f40_41xxx.o(STACK) refers (Special) to heapauxi.o(.text) for __use_two_region_memory
    startup_stm32f40_41xxx.o(HEAP) refers (Special) to heapauxi.o(.text) for __use_two_region_memory
    startup_stm32f40_41xxx.o(RESET) refers (Special) to heapauxi.o(.text) for __use_two_region_memory
    startup_stm32f40_41xxx.o(RESET) refers to startup_stm32f40_41xxx.o(STACK) for __initial_sp
    startup_stm32f40_41xxx.o(RESET) refers to startup_stm32f40_41xxx.o(.text) for Reset_Handler
    startup_stm32f40_41xxx.o(RESET) refers to stm32f4xx_it.o(.text) for NMI_Handler
    startup_stm32f40_41xxx.o(.text) refers (Special) to heapauxi.o(.text) for __use_two_region_memory
    startup_stm32f40_41xxx.o(.text) refers to system_stm32f4xx.o(.text) for SystemInit
    startup_stm32f40_41xxx.o(.text) refers to __main.o(!!!main) for __main
    startup_stm32f40_41xxx.o(.text) refers to startup_stm32f40_41xxx.o(HEAP) for Heap_Mem
    startup_stm32f40_41xxx.o(.text) refers to startup_stm32f40_41xxx.o(STACK) for Stack_Mem
    stm32f4xx_it.o(.text) refers to sd.o(.text) for SD_ProcessIRQSrc
    system_stm32f4xx.o(.text) refers to system_stm32f4xx.o(.data) for SystemCoreClock
    stm32f4xx_gpio.o(.text) refers to stm32f4xx_rcc.o(.text) for RCC_AHB1PeriphResetCmd
    stm32f4xx_rcc.o(.text) refers to stm32f4xx_rcc.o(.data) for APBAHBPrescTable
    stm32f4xx_syscfg.o(.text) refers to stm32f4xx_rcc.o(.text) for RCC_APB2PeriphResetCmd
    stm32f4xx_usart.o(.text) refers to stm32f4xx_rcc.o(.text) for RCC_APB2PeriphResetCmd
[...]
    $v0                                      0x08009442   Number         0  printf2.o(x$fpl$printf2)
    .constdata                               0x08009446   Section       58  ff.o(.constdata)
    x$fpl$usenofp                            0x08009446   Section        0  usenofp.o(x$fpl$usenofp)
    LfnOfs                                   0x08009446   Data          13  ff.o(.constdata)
    vst                                      0x08009454   Data          22  ff.o(.constdata)
    cst                                      0x0800946a   Data          22  ff.o(.constdata)
    .constdata                               0x08009480   Section    175304  cc936.o(.constdata)
    uni2oem                                  0x08009480   Data       87172  cc936.o(.constdata)
    oem2uni                                  0x0801e904   Data       87172  cc936.o(.constdata)
    tbl_lower                                0x08033d88   Data         480  cc936.o(.constdata)
    tbl_upper                                0x08033f68   Data         480  cc936.o(.constdata)
    .constdata                               0x08034148   Section       17  __printf_flags_ss_wp.o(.constdata)
    maptable                                 0x08034148   Data          17  __printf_flags_ss_wp.o(.constdata)
    .constdata                               0x0803415c   Section        8  _printf_wctomb.o(.constdata)
    initial_mbstate                          0x0803415c   Data           8  _printf_wctomb.o(.constdata)
    .constdata                               0x08034164   Section       40  _printf_hex_int_ll_ptr.o(.constdata)
    uc_hextab                                0x08034164   Data          20  _printf_hex_int_ll_ptr.o(.constdata)
    lc_hextab                                0x08034178   Data          20  _printf_hex_int_ll_ptr.o(.constdata)
    .constdata                               0x0803418c   Section       38  _printf_fp_hex.o(.constdata)
    lc_hextab                                0x0803418c   Data          19  _printf_fp_hex.o(.constdata)
    uc_hextab                                0x0803419f   Data          19  _printf_fp_hex.o(.constdata)
    .constdata                               0x080341b4   Section      148  bigflt0.o(.constdata)
    tenpwrs_x                                0x080341b4   Data          60  bigflt0.o(.constdata)
    tenpwrs_i                                0x080341f0   Data          64  bigflt0.o(.constdata)
    locale$$data                             0x08034268   Section       28  lc_numeric_c.o(locale$$data)
    __lcnum_c_name                           0x0803426c   Data           2  lc_numeric_c.o(locale$$data)
    __lcnum_c_start                          0x08034274   Data           0  lc_numeric_c.o(locale$$data)
    __lcnum_c_point                          0x08034280   Data           0  lc_numeric_c.o(locale$$data)
    __lcnum_c_thousands                      0x08034282   Data           0  lc_numeric_c.o(locale$$data)
    __lcnum_c_grouping                       0x08034283   Data           0  lc_numeric_c.o(locale$$data)
    locale$$data                             0x08034284   Section      272  lc_ctype_c.o(locale$$data)
    __lcnum_c_end                            0x08034284   Data           0  lc_numeric_c.o(locale$$data)
    __lcctype_c_name                         0x08034288   Data           2  lc_ctype_c.o(locale$$data)
    __lcctype_c_start                        0x08034290   Data           0  lc_ctype_c.o(locale$$data)
    __lcctype_c_end                          0x08034394   Data           0  lc_ctype_c.o(locale$$data)
    .data                                    0x20000000   Section     1404  main.o(.data)
    .data                                    0x2000057c   Section        6  usart1.o(.data)
    .data                                    0x20000584   Section       16  sd.o(.data)
    CardType                                 0x20000584   Data           1  sd.o(.data)
    RCA                                      0x20000588   Data           4  sd.o(.data)
    DeviceMode                               0x2000058c   Data           1  sd.o(.data)
    StopCondition                            0x2000058d   Data           1  sd.o(.data)
    .data                                    0x20000594   Section       20  system_stm32f4xx.o(.data)
    .data                                    0x200005a8   Section       16  stm32f4xx_rcc.o(.data)
    APBAHBPrescTable                         0x200005a8   Data          16  stm32f4xx_rcc.o(.data)
    .data                                    0x200005b8   Section        2  ff.o(.data)
    Fsid                                     0x200005b8   Data           2  ff.o(.data)
    .bss                                     0x200005c0   Section      704  sd.o(.bss)
    CSD_Tab                                  0x20000604   Data          16  sd.o(.bss)
    CID_Tab                                  0x20000614   Data          16  sd.o(.bss)
    .bss                                     0x20000880   Section     7292  queue.o(.bss)
    .bss                                     0x200024fc   Section       12  ff.o(.bss)
    FatFs                                    0x200024fc   Data          12  ff.o(.bss)
    .bss                                     0x20002508   Section    26000  mymalloc.o(.bss)
    .bss                                     0x20008a98   Section       96  libspace.o(.bss)
    HEAP                                     0x20008af8   Section      512  startup_stm32f40_41xxx.o(HEAP)
    Heap_Mem                                 0x20008af8   Data         512  startup_stm32f40_41xxx.o(HEAP)
    STACK                                    0x20008cf8   Section     1024  startup_stm32f40_41xxx.o(STACK)
    Stack_Mem                                0x20008cf8   Data        1024  startup_stm32f40_41xxx.o(STACK)
    __initial_sp                             0x200090f8   Data           0  startup_stm32f40_41xxx.o(STACK)

    Global Symbols

    Symbol Name                              Value     Ov Type        Size  Object(Section)

    BuildAttributes$$THM_ISAv4$E$P$D$K$B$S$7EM$VFPi3$EXTD16$VFPS$VFMA$PE$A:L22UL41UL21$X:L11$S22US41US21$IEEE1$IW$USESV6$~STKCKD$USESV7$~SHL$OTIME$ROPI$IEEEJ$EBA8$UX$STANDARDLIB$REQ8$PRES8$EABIv2 0x00000000   Number         0  anon$$obj.o ABSOLUTE
    __ARM_use_no_argv                        0x00000000   Number         0  main.o ABSOLUTE
    _printf_flags                            0x00000000   Number         0  printf_stubs.o ABSOLUTE
    _printf_return_value                     0x00000000   Number         0  printf_stubs.o ABSOLUTE
    _printf_sizespec                         0x00000000   Number         0  printf_stubs.o ABSOLUTE
    _printf_widthprec                        0x00000000   Number         0  printf_stubs.o ABSOLUTE
    __ARM_exceptions_init                     - Undefined Weak Reference
    __alloca_initialize                       - Undefined Weak Reference
    __arm_preinit_                            - Undefined Weak Reference
    __cpp_initialize__aeabi_                  - Undefined Weak Reference
    __cxa_finalize                            - Undefined Weak Reference
    __sigvec_lookup                           - Undefined Weak Reference
    _atexit_init                              - Undefined Weak Reference
    _call_atexit_fns                          - Undefined Weak Reference
    _clock_init                               - Undefined Weak Reference
    _fp_trap_init                             - Undefined Weak Reference
    _fp_trap_shutdown                         - Undefined Weak Reference
    _get_lc_collate                           - Undefined Weak Reference
    _get_lc_monetary                          - Undefined Weak Reference
    _get_lc_time                              - Undefined Weak Reference
    _getenv_init                              - Undefined Weak Reference
    _handle_redirection                       - Undefined Weak Reference
    _init_alloc                               - Undefined Weak Reference
    _init_user_alloc                          - Undefined Weak Reference
    _initio                                   - Undefined Weak Reference
    _mutex_acquire                            - Undefined Weak Reference
    _mutex_release                            - Undefined Weak Reference
    _printf_mbtowc                            - Undefined Weak Reference
    _printf_wc                                - Undefined Weak Reference
    _rand_init                                - Undefined Weak Reference
    _scanf_longlong                           - Undefined Weak Reference
    _scanf_mbtowc                             - Undefined Weak Reference
    _scanf_real                               - Undefined Weak Reference
    _scanf_string                             - Undefined Weak Reference
    _scanf_wctomb                             - Undefined Weak Reference
    _scanf_wstring                            - Undefined Weak Reference
    _signal_finish                            - Undefined Weak Reference
    _signal_init                              - Undefined Weak Reference
    _terminate_alloc                          - Undefined Weak Reference
    _terminate_user_alloc                     - Undefined Weak Reference
    _terminateio                              - Undefined Weak Reference
    __Vectors_Size                           0x00000188   Number         0  startup_stm32f40_41xxx.o ABSOLUTE
    __Vectors                                0x08000000   Data           4  startup_stm32f40_41xxx.o(RESET)
    __Vectors_End                            0x08000188   Data           0  startup_stm32f40_41xxx.o(RESET)
    __main                                   0x08000189   Thumb Code     8  __main.o(!!!main)
    __scatterload                            0x08000191   Thumb Code     0  __scatter.o(!!!scatter)
    __scatterload_rt2                        0x08000191   Thumb Code    44  __scatter.o(!!!scatter)
    __scatterload_rt2_thumb_only             0x08000191   Thumb Code     0  __scatter.o(!!!scatter)
    __scatterload_null                       0x0800019f   Thumb Code     0  __scatter.o(!!!scatter)
    __decompress                             0x080001c5   Thumb Code    90  __dczerorl2.o(!!dczerorl2)
    __decompress1                            0x080001c5   Thumb Code     0  __dczerorl2.o(!!dczerorl2)
    __scatterload_zeroinit                   0x08000221   Thumb Code    28  __scatter_zi.o(!!handler_zi)
    _printf_n                                0x0800023d   Thumb Code     0  _printf_n.o(.ARM.Collect$$_printf_percent$$00000001)
    _printf_percent                          0x0800023d   Thumb Code     0  _printf_percent.o(.ARM.Collect$$_printf_percent$$00000000)
    _printf_p                                0x08000243   Thumb Code     0  _printf_p.o(.ARM.Collect$$_printf_percent$$00000002)
    _printf_f                                0x08000249   Thumb Code     0  _printf_f.o(.ARM.Collect$$_printf_percent$$00000003)
    _printf_e                                0x0800024f   Thumb Code     0  _printf_e.o(.ARM.Collect$$_printf_percent$$00000004)
    _printf_g                                0x08000255   Thumb Code     0  _printf_g.o(.ARM.Collect$$_printf_percent$$00000005)
    _printf_a                                0x0800025b   Thumb Code     0  _printf_a.o(.ARM.Collect$$_printf_percent$$00000006)
    _printf_ll                               0x08000261   Thumb Code     0  _printf_ll.o(.ARM.Collect$$_printf_percent$$00000007)
    _printf_i                                0x0800026b   Thumb Code     0  _printf_i.o(.ARM.Collect$$_printf_percent$$00000008)
    _printf_d                                0x08000271   Thumb Code     0  _printf_d.o(.ARM.Collect$$_printf_percent$$00000009)
    _printf_u                                0x08000277   Thumb Code     0  _printf_u.o(.ARM.Collect$$_printf_percent$$0000000A)
    _printf_o                                0x0800027d   Thumb Code     0  _printf_o.o(.ARM.Collect$$_printf_percent$$0000000B)
    _printf_x                                0x08000283   Thumb Code     0  _printf_x.o(.ARM.Collect$$_printf_percent$$0000000C)
    _printf_lli                              0x08000289   Thumb Code     0  _printf_lli.o(.ARM.Collect$$_printf_percent$$0000000D)
    _printf_lld                              0x0800028f   Thumb Code     0  _printf_lld.o(.ARM.Collect$$_printf_percent$$0000000E)
    _printf_llu                              0x08000295   Thumb Code     0  _printf_llu.o(.ARM.Collect$$_printf_percent$$0000000F)
    _printf_llo                              0x0800029b   Thumb Code     0  _printf_llo.o(.ARM.Collect$$_printf_percent$$00000010)
    _printf_llx                              0x080002a1   Thumb Code     0  _printf_llx.o(.ARM.Collect$$_printf_percent$$00000011)
    _printf_l                                0x080002a7   Thumb Code     0  _printf_l.o(.ARM.Collect$$_printf_percent$$00000012)
    _printf_c                                0x080002b1   Thumb Code     0  _printf_c.o(.ARM.Collect$$_printf_percent$$00000013)
    _printf_s                                0x080002b7   Thumb Code     0  _printf_s.o(.ARM.Collect$$_printf_percent$$00000014)
    _printf_lc                               0x080002bd   Thumb Code     0  _printf_lc.o(.ARM.Collect$$_printf_percent$$00000015)
    _printf_ls                               0x080002c3   Thumb Code     0  _printf_ls.o(.ARM.Collect$$_printf_percent$$00000016)
    _printf_percent_end                      0x080002c9   Thumb Code     0  _printf_percent_end.o(.ARM.Collect$$_printf_percent$$00000017)
    __rt_lib_init                            0x080002cd   Thumb Code     0  libinit.o(.ARM.Collect$$libinit$$00000000)
    __rt_lib_init_fp_1                       0x080002cf   Thumb Code     0  libinit2.o(.ARM.Collect$$libinit$$00000001)
    __rt_lib_init_heap_1                     0x080002d3   Thumb Code     0  libinit2.o(.ARM.Collect$$libinit$$0000000A)
    __rt_lib_init_lc_common                  0x080002d3   Thumb Code     0  libinit2.o(.ARM.Collect$$libinit$$0000000F)
    __rt_lib_init_preinit_1                  0x080002d3   Thumb Code     0  libinit2.o(.ARM.Collect$$libinit$$00000004)
    __rt_lib_init_rand_1                     0x080002d3   Thumb Code     0  libinit2.o(.ARM.Collect$$libinit$$0000000E)
    __rt_lib_init_user_alloc_1               0x080002d3   Thumb Code     0  libinit2.o(.ARM.Collect$$libinit$$0000000C)
    __rt_lib_init_lc_collate_1               0x080002d9   Thumb Code     0  libinit2.o(.ARM.Collect$$libinit$$00000011)
    __rt_lib_init_lc_ctype_2                 0x080002d9   Thumb Code     0  libinit2.o(.ARM.Collect$$libinit$$00000012)
    __rt_lib_init_lc_ctype_1                 0x080002e5   Thumb Code     0  libinit2.o(.ARM.Collect$$libinit$$00000013)
    __rt_lib_init_lc_monetary_1              0x080002e5   Thumb Code     0  libinit2.o(.ARM.Collect$$libinit$$00000015)
    __rt_lib_init_lc_numeric_2               0x080002e5   Thumb Code     0  libinit2.o(.ARM.Collect$$libinit$$00000016)
    __rt_lib_init_alloca_1                   0x080002ef   Thumb Code     0  libinit2.o(.ARM.Collect$$libinit$$0000002E)
    __rt_lib_init_argv_1                     0x080002ef   Thumb Code     0  libinit2.o(.ARM.Collect$$libinit$$0000002C)
    __rt_lib_init_atexit_1                   0x080002ef   Thumb Code     0  libinit2.o(.ARM.Collect$$libinit$$0000001B)
    __rt_lib_init_clock_1                    0x080002ef   Thumb Code     0  libinit2.o(.ARM.Collect$$libinit$$00000021)
    __rt_lib_init_cpp_1                      0x080002ef   Thumb Code     0  libinit2.o(.ARM.Collect$$libinit$$00000032)
    __rt_lib_init_exceptions_1               0x080002ef   Thumb Code     0  libinit2.o(.ARM.Collect$$libinit$$00000030)
    __rt_lib_init_fp_trap_1                  0x080002ef   Thumb Code     0  libinit2.o(.ARM.Collect$$libinit$$0000001F)
    __rt_lib_init_getenv_1                   0x080002ef   Thumb Code     0  libinit2.o(.ARM.Collect$$libinit$$00000023)
    __rt_lib_init_lc_numeric_1               0x080002ef   Thumb Code     0  libinit2.o(.ARM.Collect$$libinit$$00000017)
    __rt_lib_init_lc_time_1                  0x080002ef   Thumb Code     0  libinit2.o(.ARM.Collect$$libinit$$00000019)
    __rt_lib_init_return                     0x080002ef   Thumb Code     0  libinit2.o(.ARM.Collect$$libinit$$00000033)
    __rt_lib_init_signal_1                   0x080002ef   Thumb Code     0  libinit2.o(.ARM.Collect$$libinit$$0000001D)
    __rt_lib_init_stdio_1                    0x080002ef   Thumb Code     0  libinit2.o(.ARM.Collect$$libinit$$00000025)
    __rt_lib_shutdown                        0x080002f1   Thumb Code     0  libshutdown.o(.ARM.Collect$$libshutdown$$00000000)
    __rt_lib_shutdown_cpp_1                  0x080002f3   Thumb Code     0  libshutdown2.o(.ARM.Collect$$libshutdown$$00000002)
    __rt_lib_shutdown_fp_trap_1              0x080002f3   Thumb Code     0  libshutdown2.o(.ARM.Collect$$libshutdown$$00000007)
    __rt_lib_shutdown_heap_1                 0x080002f3   Thumb Code     0  libshutdown2.o(.ARM.Collect$$libshutdown$$0000000F)
    __rt_lib_shutdown_return                 0x080002f3   Thumb Code     0  libshutdown2.o(.ARM.Collect$$libshutdown$$00000010)
    __rt_lib_shutdown_signal_1               0x080002f3   Thumb Code     0  libshutdown2.o(.ARM.Collect$$libshutdown$$0000000A)
    __rt_lib_shutdown_stdio_1                0x080002f3   Thumb Code     0  libshutdown2.o(.ARM.Collect$$libshutdown$$00000004)
    __rt_lib_shutdown_user_alloc_1           0x080002f3   Thumb Code     0  libshutdown2.o(.ARM.Collect$$libshutdown$$0000000C)
    __rt_entry                               0x080002f5   Thumb Code     0  __rtentry.o(.ARM.Collect$$rtentry$$00000000)
    __rt_entry_presh_1                       0x080002f5   Thumb Code     0  __rtentry2.o(.ARM.Collect$$rtentry$$00000002)
    __rt_entry_sh                            0x080002f5   Thumb Code     0  __rtentry4.o(.ARM.Collect$$rtentry$$00000004)
    __rt_entry_li                            0x080002fb   Thumb Code     0  __rtentry2.o(.ARM.Collect$$rtentry$$0000000A)
    __rt_entry_postsh_1                      0x080002fb   Thumb Code     0  __rtentry2.o(.ARM.Collect$$rtentry$$00000009)
    __rt_entry_main                          0x080002ff   Thumb Code     0  __rtentry2.o(.ARM.Collect$$rtentry$$0000000D)
    __rt_entry_postli_1                      0x080002ff   Thumb Code     0  __rtentry2.o(.ARM.Collect$$rtentry$$0000000C)
    __rt_exit                                0x08000307   Thumb Code     0  rtexit.o(.ARM.Collect$$rtexit$$00000000)
    __rt_exit_ls                             0x08000309   Thumb Code     0  rtexit2.o(.ARM.Collect$$rtexit$$00000003)
    __rt_exit_prels_1                        0x08000309   Thumb Code     0  rtexit2.o(.ARM.Collect$$rtexit$$00000002)
    __rt_exit_exit                           0x0800030d   Thumb Code     0  rtexit2.o(.ARM.Collect$$rtexit$$00000004)
    WFI_SET                                  0x08000315   Thumb Code     2  sd.o(.emb_text)
    INTX_DISABLE                             0x08000317   Thumb Code     4  sd.o(.emb_text)
    INTX_ENABLE                              0x0800031b   Thumb Code     4  sd.o(.emb_text)
    MSR_MSP                                  0x0800031f   Thumb Code     6  sd.o(.emb_text)
    main                                     0x08000325   Thumb Code   234  main.o(.text)
    delay_init                               0x080004f5   Thumb Code    12  delay.o(.text)
    delay_us                                 0x08000501   Thumb Code    74  delay.o(.text)
    delay_ms                                 0x0800054b   Thumb Code   260  delay.o(.text)
    _sys_exit                                0x08000655   Thumb Code     4  usart1.o(.text)
    fputc                                    0x08000659   Thumb Code    22  usart1.o(.text)
    Usart1_init                              0x0800066f   Thumb Code   172  usart1.o(.text)
    SD_SetDeviceMode                         0x08000725   Thumb Code    20  sd.o(.text)
    SDIO_Clock_Set                           0x08000739   Thumb Code    16  sd.o(.text)
    CmdResp1Error                            0x08000749   Thumb Code    96  sd.o(.text)
    FindSCR                                  0x080007a9   Thumb Code   390  sd.o(.text)
    SDEnWideBus                              0x0800092f   Thumb Code   160  sd.o(.text)
    SD_EnableWideBusOperation                0x080009cf   Thumb Code    94  sd.o(.text)
    SD_SelectDeselect                        0x08000a2d   Thumb Code    42  sd.o(.text)
    SD_GetCardInfo                           0x08000a57   Thumb Code   804  sd.o(.text)
    CmdResp2Error                            0x08000d7b   Thumb Code    80  sd.o(.text)
    CmdResp6Error                            0x08000dcb   Thumb Code   144  sd.o(.text)
    SD_InitializeCards                       0x08000e5b   Thumb Code   352  sd.o(.text)
    CmdResp3Error                            0x08000fbb   Thumb Code    52  sd.o(.text)
    CmdResp7Error                            0x08000fef   Thumb Code    72  sd.o(.text)
    CmdError                                 0x08001037   Thumb Code    48  sd.o(.text)
    SD_PowerON                               0x08001067   Thumb Code   460  sd.o(.text)
    SD_Init                                  0x08001233   Thumb Code   326  sd.o(.text)
    SD_PowerOFF                              0x08001379   Thumb Code    12  sd.o(.text)
    SD_DMA_Config                            0x08001385   Thumb Code   118  sd.o(.text)
    convert_from_bytes_to_power_of_two       0x080013fb   Thumb Code    18  sd.o(.text)
    SD_ReadBlock                             0x0800140d   Thumb Code   578  sd.o(.text)
    SD_ReadMultiBlocks                       0x0800164f   Thumb Code   756  sd.o(.text)
    IsCardProgramming                        0x08001943   Thumb Code   150  sd.o(.text)
    SD_WriteBlock                            0x080019d9   Thumb Code   914  sd.o(.text)
    SD_WriteMultiBlocks                      0x08001d6b   Thumb Code   972  sd.o(.text)
    SD_ProcessIRQSrc                         0x08002137   Thumb Code   300  sd.o(.text)
    SD_SendStatus                            0x08002263   Thumb Code    74  sd.o(.text)
    SD_GetState                              0x080022ad   Thumb Code    26  sd.o(.text)
    SD_ReadDisk                              0x080022c7   Thumb Code   152  sd.o(.text)
    SD_WriteDisk                             0x0800235f   Thumb Code   152  sd.o(.text)
    File_W                                   0x08002421   Thumb Code    56  queue.o(.text)
    File_R                                   0x08002459   Thumb Code    72  queue.o(.text)
    ItoS                                     0x080024a1   Thumb Code    42  queue.o(.text)
    StoI                                     0x080024cb   Thumb Code    38  queue.o(.text)
    nqtt_WrQue                               0x080024f1   Thumb Code   220  queue.o(.text)
    nqtt_UpLoad                              0x080025cd   Thumb Code   200  queue.o(.text)
    Reset_Handler                            0x080026bd   Thumb Code     8  startup_stm32f40_41xxx.o(.text)
    ADC_IRQHandler                           0x080026d7   Thumb Code     0  startup_stm32f40_41xxx.o(.text)
    CAN1_RX0_IRQHandler                      0x080026d7   Thumb Code     0  startup_stm32f40_41xxx.o(.text)
    CAN1_RX1_IRQHandler                      0x080026d7   Thumb Code     0  startup_stm32f40_41xxx.o(.text)
    CAN1_SCE_IRQHandler                      0x080026d7   Thumb Code     0  startup_stm32f40_41xxx.o(.text)
    CAN1_TX_IRQHandler                       0x080026d7   Thumb Code     0  startup_stm32f40_41xxx.o(.text)
    CAN2_RX0_IRQHandler                      0x080026d7   Thumb Code     0  startup_stm32f40_41xxx.o(.text)
    CAN2_RX1_IRQHandler                      0x080026d7   Thumb Code     0  startup_stm32f40_41xxx.o(.text)
    CAN2_SCE_IRQHandler                      0x080026d7   Thumb Code     0  startup_stm32f40_41xxx.o(.text)
    CAN2_TX_IRQHandler                       0x080026d7   Thumb Code     0  startup_stm32f40_41xxx.o(.text)
    CRYP_IRQHandler                          0x080026d7   Thumb Code     0  startup_stm32f40_41xxx.o(.text)
    DCMI_IRQHandler                          0x080026d7   Thumb Code     0  startup_stm32f40_41xxx.o(.text)
    DMA1_Stream0_IRQHandler                  0x080026d7   Thumb Code     0  startup_stm32f40_41xxx.o(.text)
    DMA1_Stream1_IRQHandler                  0x080026d7   Thumb Code     0  startup_stm32f40_41xxx.o(.text)
    DMA1_Stream2_IRQHandler                  0x080026d7   Thumb Code     0  startup_stm32f40_41xxx.o(.text)
    DMA1_Stream3_IRQHandler                  0x080026d7   Thumb Code     0  startup_stm32f40_41xxx.o(.text)
    DMA1_Stream4_IRQHandler                  0x080026d7   Thumb Code     0  startup_stm32f40_41xxx.o(.text)
    DMA1_Stream5_IRQHandler                  0x080026d7   Thumb Code     0  startup_stm32f40_41xxx.o(.text)
    DMA1_Stream6_IRQHandler                  0x080026d7   Thumb Code     0  startup_stm32f40_41xxx.o(.text)
    DMA1_Stream7_IRQHandler                  0x080026d7   Thumb Code     0  startup_stm32f40_41xxx.o(.text)
    DMA2_Stream0_IRQHandler                  0x080026d7   Thumb Code     0  startup_stm32f40_41xxx.o(.text)
    DMA2_Stream1_IRQHandler                  0x080026d7   Thumb Code     0  startup_stm32f40_41xxx.o(.text)
    DMA2_Stream2_IRQHandler                  0x080026d7   Thumb Code     0  startup_stm32f40_41xxx.o(.text)
    DMA2_Stream3_IRQHandler                  0x080026d7   Thumb Code     0  startup_stm32f40_41xxx.o(.text)
    DMA2_Stream4_IRQHandler                  0x080026d7   Thumb Code     0  startup_stm32f40_41xxx.o(.text)
    DMA2_Stream5_IRQHandler                  0x080026d7   Thumb Code     0  startup_stm32f40_41xxx.o(.text)
    DMA2_Stream6_IRQHandler                  0x080026d7   Thumb Code     0  startup_stm32f40_41xxx.o(.text)
    DMA2_Stream7_IRQHandler                  0x080026d7   Thumb Code     0  startup_stm32f40_41xxx.o(.text)
    ETH_IRQHandler                           0x080026d7   Thumb Code     0  startup_stm32f40_41xxx.o(.text)
    ETH_WKUP_IRQHandler                      0x080026d7   Thumb Code     0  startup_stm32f40_41xxx.o(.text)
    EXTI0_IRQHandler                         0x080026d7   Thumb Code     0  startup_stm32f40_41xxx.o(.text)
    EXTI15_10_IRQHandler                     0x080026d7   Thumb Code     0  startup_stm32f40_41xxx.o(.text)
    EXTI1_IRQHandler                         0x080026d7   Thumb Code     0  startup_stm32f40_41xxx.o(.text)
    EXTI2_IRQHandler                         0x080026d7   Thumb Code     0  startup_stm32f40_41xxx.o(.text)
    EXTI3_IRQHandler                         0x080026d7   Thumb Code     0  startup_stm32f40_41xxx.o(.text)
    EXTI4_IRQHandler                         0x080026d7   Thumb Code     0  startup_stm32f40_41xxx.o(.text)
    EXTI9_5_IRQHandler                       0x080026d7   Thumb Code     0  startup_stm32f40_41xxx.o(.text)
    FLASH_IRQHandler                         0x080026d7   Thumb Code     0  startup_stm32f40_41xxx.o(.text)
    FPU_IRQHandler                           0x080026d7   Thumb Code     0  startup_stm32f40_41xxx.o(.text)
    FSMC_IRQHandler                          0x080026d7   Thumb Code     0  startup_stm32f40_41xxx.o(.text)
    HASH_RNG_IRQHandler                      0x080026d7   Thumb Code     0  startup_stm32f40_41xxx.o(.text)
    I2C1_ER_IRQHandler                       0x080026d7   Thumb Code     0  startup_stm32f40_41xxx.o(.text)
    I2C1_EV_IRQHandler                       0x080026d7   Thumb Code     0  startup_stm32f40_41xxx.o(.text)
    I2C2_ER_IRQHandler                       0x080026d7   Thumb Code     0  startup_stm32f40_41xxx.o(.text)
    I2C2_EV_IRQHandler                       0x080026d7   Thumb Code     0  startup_stm32f40_41xxx.o(.text)
    I2C3_ER_IRQHandler                       0x080026d7   Thumb Code     0  startup_stm32f40_41xxx.o(.text)
    I2C3_EV_IRQHandler                       0x080026d7   Thumb Code     0  startup_stm32f40_41xxx.o(.text)
    OTG_FS_IRQHandler                        0x080026d7   Thumb Code     0  startup_stm32f40_41xxx.o(.text)
    OTG_FS_WKUP_IRQHandler                   0x080026d7   Thumb Code     0  startup_stm32f40_41xxx.o(.text)
    OTG_HS_EP1_IN_IRQHandler                 0x080026d7   Thumb Code     0  startup_stm32f40_41xxx.o(.text)
    OTG_HS_EP1_OUT_IRQHandler                0x080026d7   Thumb Code     0  startup_stm32f40_41xxx.o(.text)
    OTG_HS_IRQHandler                        0x080026d7   Thumb Code     0  startup_stm32f40_41xxx.o(.text)
    OTG_HS_WKUP_IRQHandler                   0x080026d7   Thumb Code     0  startup_stm32f40_41xxx.o(.text)
    PVD_IRQHandler                           0x080026d7   Thumb Code     0  startup_stm32f40_41xxx.o(.text)
    RCC_IRQHandler                           0x080026d7   Thumb Code     0  startup_stm32f40_41xxx.o(.text)
    RTC_Alarm_IRQHandler                     0x080026d7   Thumb Code     0  startup_stm32f40_41xxx.o(.text)
    RTC_WKUP_IRQHandler                      0x080026d7   Thumb Code     0  startup_stm32f40_41xxx.o(.text)
    SPI1_IRQHandler                          0x080026d7   Thumb Code     0  startup_stm32f40_41xxx.o(.text)
    SPI2_IRQHandler                          0x080026d7   Thumb Code     0  startup_stm32f40_41xxx.o(.text)
    SPI3_IRQHandler                          0x080026d7   Thumb Code     0  startup_stm32f40_41xxx.o(.text)
    TAMP_STAMP_IRQHandler                    0x080026d7   Thumb Code     0  startup_stm32f40_41xxx.o(.text)
    TIM1_BRK_TIM9_IRQHandler                 0x080026d7   Thumb Code     0  startup_stm32f40_41xxx.o(.text)
    TIM1_CC_IRQHandler                       0x080026d7   Thumb Code     0  startup_stm32f40_41xxx.o(.text)
    TIM1_TRG_COM_TIM11_IRQHandler            0x080026d7   Thumb Code     0  startup_stm32f40_41xxx.o(.text)
    TIM1_UP_TIM10_IRQHandler                 0x080026d7   Thumb Code     0  startup_stm32f40_41xxx.o(.text)
    TIM2_IRQHandler                          0x080026d7   Thumb Code     0  startup_stm32f40_41xxx.o(.text)
    TIM3_IRQHandler                          0x080026d7   Thumb Code     0  startup_stm32f40_41xxx.o(.text)
    TIM4_IRQHandler                          0x080026d7   Thumb Code     0  startup_stm32f40_41xxx.o(.text)
    TIM5_IRQHandler                          0x080026d7   Thumb Code     0  startup_stm32f40_41xxx.o(.text)
    TIM6_DAC_IRQHandler                      0x080026d7   Thumb Code     0  startup_stm32f40_41xxx.o(.text)
    TIM7_IRQHandler                          0x080026d7   Thumb Code     0  startup_stm32f40_41xxx.o(.text)
    TIM8_BRK_TIM12_IRQHandler                0x080026d7   Thumb Code     0  startup_stm32f40_41xxx.o(.text)
    TIM8_CC_IRQHandler                       0x080026d7   Thumb Code     0  startup_stm32f40_41xxx.o(.text)
    TIM8_TRG_COM_TIM14_IRQHandler            0x080026d7   Thumb Code     0  startup_stm32f40_41xxx.o(.text)
    TIM8_UP_TIM13_IRQHandler                 0x080026d7   Thumb Code     0  startup_stm32f40_41xxx.o(.text)
    UART4_IRQHandler                         0x080026d7   Thumb Code     0  startup_stm32f40_41xxx.o(.text)
    UART5_IRQHandler                         0x080026d7   Thumb Code     0  startup_stm32f40_41xxx.o(.text)
    USART1_IRQHandler                        0x080026d7   Thumb Code     0  startup_stm32f40_41xxx.o(.text)
    USART2_IRQHandler                        0x080026d7   Thumb Code     0  startup_stm32f40_41xxx.o(.text)
    USART3_IRQHandler                        0x080026d7   Thumb Code     0  startup_stm32f40_41xxx.o(.text)
    USART6_IRQHandler                        0x080026d7   Thumb Code     0  startup_stm32f40_41xxx.o(.text)
    WWDG_IRQHandler                          0x080026d7   Thumb Code     0  startup_stm32f40_41xxx.o(.text)
    __user_initial_stackheap                 0x080026d9   Thumb Code     0  startup_stm32f40_41xxx.o(.text)
    NMI_Handler                              0x080026fd   Thumb Code     2  stm32f4xx_it.o(.text)
    HardFault_Handler                        0x080026ff   Thumb Code     2  stm32f4xx_it.o(.text)
    MemManage_Handler                        0x08002701   Thumb Code     2  stm32f4xx_it.o(.text)
    BusFault_Handler                         0x08002703   Thumb Code     2  stm32f4xx_it.o(.text)
    UsageFault_Handler                       0x08002705   Thumb Code     2  stm32f4xx_it.o(.text)
    SVC_Handler                              0x08002707   Thumb Code     2  stm32f4xx_it.o(.text)
    DebugMon_Handler                         0x08002709   Thumb Code     2  stm32f4xx_it.o(.text)
    PendSV_Handler                           0x0800270b   Thumb Code     2  stm32f4xx_it.o(.text)
    SysTick_Handler                          0x0800270d   Thumb Code     2  stm32f4xx_it.o(.text)
    SDIO_IRQHandler                          0x0800270f   Thumb Code     8  stm32f4xx_it.o(.text)
    SystemInit                               0x080027f5   Thumb Code    88  system_stm32f4xx.o(.text)
    SystemCoreClockUpdate                    0x0800284d   Thumb Code   174  system_stm32f4xx.o(.text)
    NVIC_PriorityGroupConfig                 0x08002929   Thumb Code    10  misc.o(.text)
    NVIC_Init                                0x08002933   Thumb Code   106  misc.o(.text)
    NVIC_SetVectorTable                      0x0800299d   Thumb Code    14  misc.o(.text)
    NVIC_SystemLPConfig                      0x080029ab   Thumb Code    34  misc.o(.text)
    SysTick_CLKSourceConfig                  0x080029cd   Thumb Code    40  misc.o(.text)
    GPIO_DeInit                              0x08002a09   Thumb Code   268  stm32f4xx_gpio.o(.text)
    GPIO_Init                                0x08002b15   Thumb Code   144  stm32f4xx_gpio.o(.text)
    GPIO_StructInit                          0x08002ba5   Thumb Code    18  stm32f4xx_gpio.o(.text)
    GPIO_PinLockConfig                       0x08002bb7   Thumb Code    34  stm32f4xx_gpio.o(.text)
    GPIO_ReadInputDataBit                    0x08002bd9   Thumb Code    18  stm32f4xx_gpio.o(.text)
    GPIO_ReadInputData                       0x08002beb   Thumb Code     8  stm32f4xx_gpio.o(.text)
    GPIO_ReadOutputDataBit                   0x08002bf3   Thumb Code    18  stm32f4xx_gpio.o(.text)
    GPIO_ReadOutputData                      0x08002c05   Thumb Code     8  stm32f4xx_gpio.o(.text)
    GPIO_SetBits                             0x08002c0d   Thumb Code     4  stm32f4xx_gpio.o(.text)
    GPIO_ResetBits                           0x08002c11   Thumb Code     4  stm32f4xx_gpio.o(.text)
    GPIO_WriteBit                            0x08002c15   Thumb Code    10  stm32f4xx_gpio.o(.text)
    GPIO_Write                               0x08002c1f   Thumb Code     4  stm32f4xx_gpio.o(.text)
    GPIO_ToggleBits                          0x08002c23   Thumb Code     8  stm32f4xx_gpio.o(.text)
    GPIO_PinAFConfig                         0x08002c2b   Thumb Code    70  stm32f4xx_gpio.o(.text)
    RCC_DeInit                               0x08002c9d   Thumb Code    82  stm32f4xx_rcc.o(.text)
    RCC_HSEConfig                            0x08002cef   Thumb Code    14  stm32f4xx_rcc.o(.text)
    RCC_GetFlagStatus                        0x08002cfd   Thumb Code    60  stm32f4xx_rcc.o(.text)
    RCC_WaitForHSEStartUp                    0x08002d39   Thumb Code    56  stm32f4xx_rcc.o(.text)
    RCC_AdjustHSICalibrationValue            0x08002d71   Thumb Code    20  stm32f4xx_rcc.o(.text)
    RCC_HSICmd                               0x08002d85   Thumb Code     6  stm32f4xx_rcc.o(.text)
    RCC_LSEConfig                            0x08002d8b   Thumb Code    46  stm32f4xx_rcc.o(.text)
    RCC_LSICmd                               0x08002db9   Thumb Code     6  stm32f4xx_rcc.o(.text)
    RCC_PLLConfig                            0x08002dbf   Thumb Code    32  stm32f4xx_rcc.o(.text)
    RCC_PLLCmd                               0x08002ddf   Thumb Code     6  stm32f4xx_rcc.o(.text)
    RCC_PLLI2SConfig                         0x08002de5   Thumb Code    14  stm32f4xx_rcc.o(.text)
    RCC_PLLI2SCmd                            0x08002df3   Thumb Code     6  stm32f4xx_rcc.o(.text)
    RCC_PLLSAIConfig                         0x08002df9   Thumb Code    20  stm32f4xx_rcc.o(.text)
    RCC_PLLSAICmd                            0x08002e0d   Thumb Code     6  stm32f4xx_rcc.o(.text)
    RCC_ClockSecuritySystemCmd               0x08002e13   Thumb Code     6  stm32f4xx_rcc.o(.text)
    RCC_MCO1Config                           0x08002e19   Thumb Code    28  stm32f4xx_rcc.o(.text)
    RCC_MCO2Config                           0x08002e35   Thumb Code    28  stm32f4xx_rcc.o(.text)
    RCC_SYSCLKConfig                         0x08002e51   Thumb Code    20  stm32f4xx_rcc.o(.text)
    RCC_GetSYSCLKSource                      0x08002e65   Thumb Code    12  stm32f4xx_rcc.o(.text)
    RCC_HCLKConfig                           0x08002e71   Thumb Code    20  stm32f4xx_rcc.o(.text)
    RCC_PCLK1Config                          0x08002e85   Thumb Code    20  stm32f4xx_rcc.o(.text)
    RCC_PCLK2Config                          0x08002e99   Thumb Code    22  stm32f4xx_rcc.o(.text)
    RCC_GetClocksFreq                        0x08002eaf   Thumb Code   222  stm32f4xx_rcc.o(.text)
    RCC_RTCCLKConfig                         0x08002f8d   Thumb Code    54  stm32f4xx_rcc.o(.text)
    RCC_RTCCLKCmd                            0x08002fc3   Thumb Code     8  stm32f4xx_rcc.o(.text)
    RCC_BackupResetCmd                       0x08002fcb   Thumb Code     8  stm32f4xx_rcc.o(.text)
    RCC_I2SCLKConfig                         0x08002fd3   Thumb Code     6  stm32f4xx_rcc.o(.text)
    RCC_SAIPLLI2SClkDivConfig                0x08002fd9   Thumb Code    26  stm32f4xx_rcc.o(.text)
    RCC_SAIPLLSAIClkDivConfig                0x08002ff3   Thumb Code    28  stm32f4xx_rcc.o(.text)
    RCC_SAIBlockACLKConfig                   0x0800300f   Thumb Code    20  stm32f4xx_rcc.o(.text)
    RCC_SAIBlockBCLKConfig                   0x08003023   Thumb Code    20  stm32f4xx_rcc.o(.text)
    RCC_LTDCCLKDivConfig                     0x08003037   Thumb Code    20  stm32f4xx_rcc.o(.text)
    RCC_TIMCLKPresConfig                     0x0800304b   Thumb Code     6  stm32f4xx_rcc.o(.text)
    RCC_AHB1PeriphClockCmd                   0x08003051   Thumb Code    34  stm32f4xx_rcc.o(.text)
    RCC_AHB2PeriphClockCmd                   0x08003073   Thumb Code    78  stm32f4xx_rcc.o(.text)
    RCC_AHB3PeriphClockCmd                   0x080030c1   Thumb Code    34  stm32f4xx_rcc.o(.text)
    RCC_APB1PeriphClockCmd                   0x080030e3   Thumb Code    34  stm32f4xx_rcc.o(.text)
    RCC_APB2PeriphClockCmd                   0x08003105   Thumb Code    34  stm32f4xx_rcc.o(.text)
    RCC_AHB1PeriphResetCmd                   0x08003127   Thumb Code    34  stm32f4xx_rcc.o(.text)
    RCC_AHB2PeriphResetCmd                   0x08003149   Thumb Code    34  stm32f4xx_rcc.o(.text)
    RCC_AHB3PeriphResetCmd                   0x0800316b   Thumb Code    34  stm32f4xx_rcc.o(.text)
    RCC_APB1PeriphResetCmd                   0x0800318d   Thumb Code    34  stm32f4xx_rcc.o(.text)
    RCC_APB2PeriphResetCmd                   0x080031af   Thumb Code    34  stm32f4xx_rcc.o(.text)
    RCC_AHB1PeriphClockLPModeCmd             0x080031d1   Thumb Code    34  stm32f4xx_rcc.o(.text)
    RCC_AHB2PeriphClockLPModeCmd             0x080031f3   Thumb Code    34  stm32f4xx_rcc.o(.text)
    RCC_AHB3PeriphClockLPModeCmd             0x08003215   Thumb Code    34  stm32f4xx_rcc.o(.text)
    RCC_APB1PeriphClockLPModeCmd             0x08003237   Thumb Code    34  stm32f4xx_rcc.o(.text)
    RCC_APB2PeriphClockLPModeCmd             0x08003259   Thumb Code    34  stm32f4xx_rcc.o(.text)
    RCC_LSEModeConfig                        0x0800327b   Thumb Code    40  stm32f4xx_rcc.o(.text)
    RCC_ITConfig                             0x080032a3   Thumb Code    34  stm32f4xx_rcc.o(.text)
    RCC_ClearFlag                            0x080032c5   Thumb Code    18  stm32f4xx_rcc.o(.text)
    RCC_GetITStatus                          0x080032d7   Thumb Code    22  stm32f4xx_rcc.o(.text)
    RCC_ClearITPendingBit                    0x080032ed   Thumb Code     8  stm32f4xx_rcc.o(.text)
    USART_DeInit                             0x080032f9   Thumb Code   206  stm32f4xx_usart.o(.text)
    USART_Init                               0x080033c7   Thumb Code   204  stm32f4xx_usart.o(.text)
    USART_StructInit                         0x08003493   Thumb Code    24  stm32f4xx_usart.o(.text)
    USART_ClockInit                          0x080034ab   Thumb Code    32  stm32f4xx_usart.o(.text)
    USART_ClockStructInit                    0x080034cb   Thumb Code    12  stm32f4xx_usart.o(.text)
    USART_Cmd                                0x080034d7   Thumb Code    24  stm32f4xx_usart.o(.text)
    USART_SetPrescaler                       0x080034ef   Thumb Code    16  stm32f4xx_usart.o(.text)
    USART_OverSampling8Cmd                   0x080034ff   Thumb Code    22  stm32f4xx_usart.o(.text)
    USART_OneBitMethodCmd                    0x08003515   Thumb Code    24  stm32f4xx_usart.o(.text)
    USART_SendData                           0x0800352d   Thumb Code     8  stm32f4xx_usart.o(.text)
    USART_ReceiveData                        0x08003535   Thumb Code    10  stm32f4xx_usart.o(.text)
    USART_SetAddress                         0x0800353f   Thumb Code    18  stm32f4xx_usart.o(.text)
    USART_ReceiverWakeUpCmd                  0x08003551   Thumb Code    24  stm32f4xx_usart.o(.text)
    USART_WakeUpConfig                       0x08003569   Thumb Code    18  stm32f4xx_usart.o(.text)
    USART_LINBreakDetectLengthConfig         0x0800357b   Thumb Code    18  stm32f4xx_usart.o(.text)
    USART_LINCmd                             0x0800358d   Thumb Code    24  stm32f4xx_usart.o(.text)
    USART_SendBreak                          0x080035a5   Thumb Code    10  stm32f4xx_usart.o(.text)
    USART_HalfDuplexCmd                      0x080035af   Thumb Code    24  stm32f4xx_usart.o(.text)
    USART_SetGuardTime                       0x080035c7   Thumb Code    16  stm32f4xx_usart.o(.text)
    USART_SmartCardCmd                       0x080035d7   Thumb Code    24  stm32f4xx_usart.o(.text)
    USART_SmartCardNACKCmd                   0x080035ef   Thumb Code    24  stm32f4xx_usart.o(.text)
    USART_IrDAConfig                         0x08003607   Thumb Code    18  stm32f4xx_usart.o(.text)
    USART_IrDACmd                            0x08003619   Thumb Code    24  stm32f4xx_usart.o(.text)
    USART_DMACmd                             0x08003631   Thumb Code    18  stm32f4xx_usart.o(.text)
    USART_ITConfig                           0x08003643   Thumb Code    74  stm32f4xx_usart.o(.text)
    USART_GetFlagStatus                      0x0800368d   Thumb Code    26  stm32f4xx_usart.o(.text)
    USART_ClearFlag                          0x080036a7   Thumb Code    18  stm32f4xx_usart.o(.text)
    USART_GetITStatus                        0x080036b9   Thumb Code   118  stm32f4xx_usart.o(.text)
    USART_ClearITPendingBit                  0x0800372f   Thumb Code    30  stm32f4xx_usart.o(.text)
    SDIO_DeInit                              0x0800374d   Thumb Code    22  stm32f4xx_sdio.o(.text)
    SDIO_Init                                0x08003763   Thumb Code    42  stm32f4xx_sdio.o(.text)
    SDIO_StructInit                          0x0800378d   Thumb Code    16  stm32f4xx_sdio.o(.text)
    SDIO_ClockCmd                            0x0800379d   Thumb Code     6  stm32f4xx_sdio.o(.text)
    SDIO_SetPowerState                       0x080037a3   Thumb Code     8  stm32f4xx_sdio.o(.text)
    SDIO_GetPowerState                       0x080037ab   Thumb Code    12  stm32f4xx_sdio.o(.text)
    SDIO_SendCommand                         0x080037b7   Thumb Code    42  stm32f4xx_sdio.o(.text)
    SDIO_CmdStructInit                       0x080037e1   Thumb Code    14  stm32f4xx_sdio.o(.text)
    SDIO_GetCommandResponse                  0x080037ef   Thumb Code    10  stm32f4xx_sdio.o(.text)
    SDIO_GetResponse                         0x080037f9   Thumb Code    22  stm32f4xx_sdio.o(.text)
    SDIO_DataConfig                          0x0800380f   Thumb Code    48  stm32f4xx_sdio.o(.text)
    SDIO_DataStructInit                      0x0800383f   Thumb Code    20  stm32f4xx_sdio.o(.text)
    SDIO_GetDataCounter                      0x08003853   Thumb Code     8  stm32f4xx_sdio.o(.text)
    SDIO_ReadData                            0x0800385b   Thumb Code     8  stm32f4xx_sdio.o(.text)
    SDIO_WriteData                           0x08003863   Thumb Code     8  stm32f4xx_sdio.o(.text)
    SDIO_GetFIFOCount                        0x0800386b   Thumb Code     8  stm32f4xx_sdio.o(.text)
    SDIO_StartSDIOReadWait                   0x08003873   Thumb Code     6  stm32f4xx_sdio.o(.text)
    SDIO_StopSDIOReadWait                    0x08003879   Thumb Code     8  stm32f4xx_sdio.o(.text)
    SDIO_SetSDIOReadWaitMode                 0x08003881   Thumb Code     8  stm32f4xx_sdio.o(.text)
    SDIO_SetSDIOOperation                    0x08003889   Thumb Code     8  stm32f4xx_sdio.o(.text)
    SDIO_SendSDIOSuspendCmd                  0x08003891   Thumb Code     6  stm32f4xx_sdio.o(.text)
    SDIO_CommandCompletionCmd                0x08003897   Thumb Code     8  stm32f4xx_sdio.o(.text)
    SDIO_CEATAITCmd                          0x0800389f   Thumb Code    12  stm32f4xx_sdio.o(.text)
    SDIO_SendCEATACmd                        0x080038ab   Thumb Code     8  stm32f4xx_sdio.o(.text)
    SDIO_DMACmd                              0x080038b3   Thumb Code     8  stm32f4xx_sdio.o(.text)
    SDIO_ITConfig                            0x080038bb   Thumb Code    34  stm32f4xx_sdio.o(.text)
    SDIO_GetFlagStatus                       0x080038dd   Thumb Code    22  stm32f4xx_sdio.o(.text)
    SDIO_ClearFlag                           0x080038f3   Thumb Code     8  stm32f4xx_sdio.o(.text)
    SDIO_GetITStatus                         0x080038fb   Thumb Code    22  stm32f4xx_sdio.o(.text)
    SDIO_ClearITPendingBit                   0x08003911   Thumb Code     8  stm32f4xx_sdio.o(.text)
    DMA_DeInit                               0x08003929   Thumb Code   324  stm32f4xx_dma.o(.text)
    DMA_Init                                 0x08003a6d   Thumb Code    82  stm32f4xx_dma.o(.text)
    DMA_StructInit                           0x08003abf   Thumb Code    34  stm32f4xx_dma.o(.text)
    DMA_Cmd                                  0x08003ae1   Thumb Code    22  stm32f4xx_dma.o(.text)
    DMA_PeriphIncOffsetSizeConfig            0x08003af7   Thumb Code    22  stm32f4xx_dma.o(.text)
    DMA_FlowControllerConfig                 0x08003b0d   Thumb Code    22  stm32f4xx_dma.o(.text)
    DMA_SetCurrDataCounter                   0x08003b23   Thumb Code     4  stm32f4xx_dma.o(.text)
    DMA_GetCurrDataCounter                   0x08003b27   Thumb Code     8  stm32f4xx_dma.o(.text)
    DMA_DoubleBufferModeConfig               0x08003b2f   Thumb Code    24  stm32f4xx_dma.o(.text)
    DMA_DoubleBufferModeCmd                  0x08003b47   Thumb Code    22  stm32f4xx_dma.o(.text)
    DMA_MemoryTargetConfig                   0x08003b5d   Thumb Code    10  stm32f4xx_dma.o(.text)
    DMA_GetCurrentMemoryTarget               0x08003b67   Thumb Code    20  stm32f4xx_dma.o(.text)
    DMA_GetCmdStatus                         0x08003b7b   Thumb Code    20  stm32f4xx_dma.o(.text)
    DMA_GetFIFOStatus                        0x08003b8f   Thumb Code    12  stm32f4xx_dma.o(.text)
    DMA_GetFlagStatus                        0x08003b9b   Thumb Code    56  stm32f4xx_dma.o(.text)
    DMA_ClearFlag                            0x08003bd3   Thumb Code    40  stm32f4xx_dma.o(.text)
    DMA_ITConfig                             0x08003bfb   Thumb Code    58  stm32f4xx_dma.o(.text)
    DMA_GetITStatus                          0x08003c35   Thumb Code    84  stm32f4xx_dma.o(.text)
    DMA_ClearITPendingBit                    0x08003c89   Thumb Code    40  stm32f4xx_dma.o(.text)
    disk_initialize                          0x08003cd1   Thumb Code    32  diskio.o(.text)
    disk_status                              0x08003cf1   Thumb Code     6  diskio.o(.text)
    disk_read                                0x08003cf7   Thumb Code    86  diskio.o(.text)
    disk_write                               0x08003d4d   Thumb Code    86  diskio.o(.text)
    disk_ioctl                               0x08003da3   Thumb Code   102  diskio.o(.text)
    get_fattime                              0x08003e09   Thumb Code     4  diskio.o(.text)
    ff_memalloc                              0x08003e0d   Thumb Code    12  diskio.o(.text)
    ff_memfree                               0x08003e19   Thumb Code    12  diskio.o(.text)
    clust2sect                               0x08003fd7   Thumb Code    26  ff.o(.text)
    get_fat                                  0x08003ff1   Thumb Code   232  ff.o(.text)
    put_fat                                  0x080040d9   Thumb Code   310  ff.o(.text)
    dir_sdi                                  0x08004383   Thumb Code   158  ff.o(.text)
    f_mount                                  0x080053f5   Thumb Code    86  ff.o(.text)
    f_open                                   0x0800544b   Thumb Code   384  ff.o(.text)
    f_read                                   0x080055cb   Thumb Code   448  ff.o(.text)
    f_write                                  0x0800578b   Thumb Code   490  ff.o(.text)
    f_sync                                   0x08005975   Thumb Code   176  ff.o(.text)
    f_close                                  0x08005a25   Thumb Code    36  ff.o(.text)
    f_lseek                                  0x08005a49   Thumb Code   654  ff.o(.text)
    f_opendir                                0x08005cd7   Thumb Code   136  ff.o(.text)
    f_closedir                               0x08005d5f   Thumb Code    22  ff.o(.text)
    f_readdir                                0x08005d75   Thumb Code   114  ff.o(.text)
    f_stat                                   0x08005de7   Thumb Code    84  ff.o(.text)
    f_getfree                                0x08005e3b   Thumb Code   258  ff.o(.text)
    f_truncate                               0x08005f3d   Thumb Code   184  ff.o(.text)
    f_unlink                                 0x08005ff5   Thumb Code   194  ff.o(.text)
    f_mkdir                                  0x080060b7   Thumb Code   380  ff.o(.text)
    f_chmod                                  0x08006233   Thumb Code   112  ff.o(.text)
    f_utime                                  0x080062a3   Thumb Code   110  ff.o(.text)
    f_rename                                 0x08006311   Thumb Code   314  ff.o(.text)
    f_getlabel                               0x0800644b   Thumb Code   190  ff.o(.text)
    f_setlabel                               0x08006509   Thumb Code   470  ff.o(.text)
    f_mkfs                                   0x080066df   Thumb Code  1570  ff.o(.text)
    f_gets                                   0x08006d01   Thumb Code    82  ff.o(.text)
    f_putc                                   0x08006d97   Thumb Code    64  ff.o(.text)
    f_puts                                   0x08006dd7   Thumb Code    74  ff.o(.text)
    f_printf                                 0x08006e21   Thumb Code   674  ff.o(.text)
    ff_convert                               0x080070c5   Thumb Code   116  cc936.o(.text)
    ff_wtoupper                              0x08007139   Thumb Code    46  cc936.o(.text)
    mymen_Init                               0x08007179   Thumb Code    26  mymalloc.o(.text)
    mymalloc                                 0x08007193   Thumb Code   116  mymalloc.o(.text)
    myfree                                   0x08007207   Thumb Code    58  mymalloc.o(.text)
    __use_no_semihosting                     0x08007249   Thumb Code     2  use_no_semi_2.o(.text)
    __aeabi_ldivmod                          0x0800724b   Thumb Code     0  llsdiv.o(.text)
    _ll_sdiv                                 0x0800724b   Thumb Code    72  llsdiv.o(.text)
    printf                                   0x08007295   Thumb Code    20  printf.o(.text)
    __2printf                                0x080072ad   Thumb Code    20  __2printf.o(.text)
    __2sprintf                               0x080072c5   Thumb Code    38  __2sprintf.o(.text)
    _printf_int_dec                          0x080072f1   Thumb Code   104  _printf_dec.o(.text)
    __printf                                 0x08007369   Thumb Code   388  __printf_flags_ss_wp.o(.text)
    __0sscanf                                0x080074f1   Thumb Code    52  __0sscanf.o(.text)
    _scanf_int                               0x0800752d   Thumb Code   332  _scanf_int.o(.text)
    strlen                                   0x08007679   Thumb Code    62  strlen.o(.text)
    strcat                                   0x080076b7   Thumb Code    24  strcat.o(.text)
    __aeabi_memcpy                           0x080076cf   Thumb Code     0  rt_memcpy_v6.o(.text)
    __rt_memcpy                              0x080076cf   Thumb Code   138  rt_memcpy_v6.o(.text)
    _memcpy_lastbytes                        0x08007735   Thumb Code     0  rt_memcpy_v6.o(.text)
    __aeabi_memclr                           0x08007759   Thumb Code     0  rt_memclr.o(.text)
    __rt_memclr                              0x08007759   Thumb Code    68  rt_memclr.o(.text)
    _memset                                  0x0800775d   Thumb Code     0  rt_memclr.o(.text)
    __use_two_region_memory                  0x0800779d   Thumb Code     2  heapauxi.o(.text)
    __rt_heap_escrow$2region                 0x0800779f   Thumb Code     2  heapauxi.o(.text)
    __rt_heap_expand$2region                 0x080077a1   Thumb Code     2  heapauxi.o(.text)
    __I$use$semihosting                      0x080077a3   Thumb Code     0  use_no_semi.o(.text)
    __use_no_semihosting_swi                 0x080077a3   Thumb Code     2  use_no_semi.o(.text)
    __aeabi_uldivmod                         0x080077a5   Thumb Code     0  lludivv7m.o(.text)
    _ll_udiv                                 0x080077a5   Thumb Code   238  lludivv7m.o(.text)
    _printf_pre_padding                      0x08007893   Thumb Code    44  _printf_pad.o(.text)
    _printf_post_padding                     0x080078bf   Thumb Code    34  _printf_pad.o(.text)
    _printf_truncate_signed                  0x080078e1   Thumb Code    18  _printf_truncate.o(.text)
    _printf_truncate_unsigned                0x080078f3   Thumb Code    18  _printf_truncate.o(.text)
    _printf_str                              0x08007905   Thumb Code    82  _printf_str.o(.text)
    _printf_int_common                       0x08007957   Thumb Code   178  _printf_intcommon.o(.text)
    _printf_charcount                        0x08007a09   Thumb Code    40  _printf_charcount.o(.text)
    _printf_char_common                      0x08007a3b   Thumb Code    32  _printf_char_common.o(.text)
    _sputc                                   0x08007a61   Thumb Code    10  _sputc.o(.text)
    _printf_char_file                        0x08007a6d   Thumb Code    32  _printf_char_file.o(.text)
    _printf_wctomb                           0x08007a91   Thumb Code   182  _printf_wctomb.o(.text)
    _printf_longlong_dec                     0x08007b4d   Thumb Code   108  _printf_longlong_dec.o(.text)
    _printf_longlong_oct                     0x08007bc9   Thumb Code    66  _printf_oct_int_ll.o(.text)
    _printf_int_oct                          0x08007c0b   Thumb Code    24  _printf_oct_int_ll.o(.text)
    _printf_ll_oct                           0x08007c23   Thumb Code    12  _printf_oct_int_ll.o(.text)
    _printf_longlong_hex                     0x08007c39   Thumb Code    86  _printf_hex_int_ll_ptr.o(.text)
    _printf_int_hex                          0x08007c8f   Thumb Code    28  _printf_hex_int_ll_ptr.o(.text)
    _printf_ll_hex                           0x08007cab   Thumb Code    12  _printf_hex_int_ll_ptr.o(.text)
    _printf_hex_ptr                          0x08007cb7   Thumb Code    18  _printf_hex_int_ll_ptr.o(.text)
    _chval                                   0x08007ccd   Thumb Code    28  _chval.o(.text)
    __vfscanf_char                           0x08007cf5   Thumb Code    24  scanf_char.o(.text)
    _sgetc                                   0x08007d15   Thumb Code    30  _sgetc.o(.text)
    _sbackspace                              0x08007d33   Thumb Code    34  _sgetc.o(.text)
    __aeabi_memcpy4                          0x08007d55   Thumb Code     0  rt_memcpy_w.o(.text)
    __aeabi_memcpy8                          0x08007d55   Thumb Code     0  rt_memcpy_w.o(.text)
    __rt_memcpy_w                            0x08007d55   Thumb Code   100  rt_memcpy_w.o(.text)
    _memcpy_lastbytes_aligned                0x08007d9d   Thumb Code     0  rt_memcpy_w.o(.text)
    __aeabi_memclr4                          0x08007db9   Thumb Code     0  rt_memclr_w.o(.text)
    __aeabi_memclr8                          0x08007db9   Thumb Code     0  rt_memclr_w.o(.text)
    __rt_memclr_w                            0x08007db9   Thumb Code    78  rt_memclr_w.o(.text)
    _memset_w                                0x08007dbd   Thumb Code     0  rt_memclr_w.o(.text)
    _ll_udiv10                               0x08007e07   Thumb Code   138  lludiv10.o(.text)
    isspace                                  0x08007e91   Thumb Code    18  isspace.o(.text)
    __lib_sel_fp_printf                      0x08007ea3   Thumb Code     2  _printf_fp_dec.o(.text)
    _printf_fp_dec_real                      0x08008051   Thumb Code   620  _printf_fp_dec.o(.text)
    _printf_fp_hex_real                      0x080082bd   Thumb Code   756  _printf_fp_hex.o(.text)
    _printf_cs_common                        0x080085b9   Thumb Code    20  _printf_char.o(.text)
    _printf_char                             0x080085cd   Thumb Code    16  _printf_char.o(.text)
    _printf_string                           0x080085dd   Thumb Code     8  _printf_char.o(.text)
    _printf_lcs_common                       0x080085e5   Thumb Code    20  _printf_wchar.o(.text)
    _printf_wchar                            0x080085f9   Thumb Code    16  _printf_wchar.o(.text)
    _printf_wstring                          0x08008609   Thumb Code     8  _printf_wchar.o(.text)
    __vfscanf                                0x08008611   Thumb Code   878  _scanf.o(.text)
    ferror                                   0x08008985   Thumb Code     8  ferror.o(.text)
    _wcrtomb                                 0x0800898d   Thumb Code    64  _wcrtomb.o(.text)
    __user_setup_stackheap                   0x080089cd   Thumb Code    74  sys_stackheap_outer.o(.text)
    __rt_ctype_table                         0x08008a19   Thumb Code    16  rt_ctype_table.o(.text)
    __rt_locale                              0x08008a29   Thumb Code     8  rt_locale_intlibspace.o(.text)
    _printf_fp_infnan                        0x08008a31   Thumb Code   112  _printf_fp_infnan.o(.text)
    _btod_etento                             0x08008ab1   Thumb Code   216  bigflt0.o(.text)
    exit                                     0x08008b8d   Thumb Code    18  exit.o(.text)
    __user_libspace                          0x08008ba1   Thumb Code     8  libspace.o(.text)
    __user_perproc_libspace                  0x08008ba1   Thumb Code     0  libspace.o(.text)
    __user_perthread_libspace                0x08008ba1   Thumb Code     0  libspace.o(.text)
    strcmp                                   0x08008ba9   Thumb Code   128  strcmpv7m.o(.text)
    _btod_d2e                                0x08008c29   Thumb Code    62  btod.o(CL$$btod_d2e)
    _d2e_denorm_low                          0x08008c67   Thumb Code    70  btod.o(CL$$btod_d2e_denorm_low)
    _d2e_norm_op1                            0x08008cad   Thumb Code    96  btod.o(CL$$btod_d2e_norm_op1)
    __btod_div_common                        0x08008d0d   Thumb Code   696  btod.o(CL$$btod_div_common)
    _e2e                                     0x08009045   Thumb Code   198  btod.o(CL$$btod_e2e)
    _btod_ediv                               0x0800910b   Thumb Code    40  btod.o(CL$$btod_ediv)
    _btod_emul                               0x08009133   Thumb Code    40  btod.o(CL$$btod_emul)
    __btod_mult_common                       0x0800915b   Thumb Code   580  btod.o(CL$$btod_mult_common)
    __ARM_fpclassify                         0x0800939f   Thumb Code    48  fpclassify.o(i.__ARM_fpclassify)
    _is_digit                                0x080093cf   Thumb Code    14  __printf_wp.o(i._is_digit)
    _get_lc_numeric                          0x080093dd   Thumb Code    44  lc_numeric_c.o(locale$$code)
    _get_lc_ctype                            0x08009409   Thumb Code    44  lc_ctype_c.o(locale$$code)
    _fp_init                                 0x08009435   Thumb Code    10  fpinit.o(x$fpl$fpinit)
    __fplib_config_fpu_vfp                   0x0800943d   Thumb Code     0  fpinit.o(x$fpl$fpinit)
    __fplib_config_pureend_doubles           0x0800943d   Thumb Code     0  fpinit.o(x$fpl$fpinit)
    _printf_fp_dec                           0x0800943f   Thumb Code     4  printf1.o(x$fpl$printf1)
    _printf_fp_hex                           0x08009443   Thumb Code     4  printf2.o(x$fpl$printf2)
    __I$use$fp                               0x08009446   Number         0  usenofp.o(x$fpl$usenofp)
    Region$$Table$$Base                      0x08034248   Number         0  anon$$obj.o(Region$$Table)
    Region$$Table$$Limit                     0x08034268   Number         0  anon$$obj.o(Region$$Table)
    __ctype                                  0x08034291   Data           0  lc_ctype_c.o(locale$$data)
    Data                                     0x20000000   Data        1400  main.o(.data)
    i                                        0x20000578   Data           4  main.o(.data)
    __stdout                                 0x2000057c   Data           4  usart1.o(.data)
    USART1_RX_STA                            0x20000580   Data           2  usart1.o(.data)
    TransferError                            0x2000058e   Data           1  sd.o(.data)
    TransferEnd                              0x2000058f   Data           1  sd.o(.data)
    tempbuff                                 0x20000590   Data           4  sd.o(.data)
    SystemCoreClock                          0x20000594   Data           4  system_stm32f4xx.o(.data)
    AHBPrescTable                            0x20000598   Data          16  system_stm32f4xx.o(.data)
    SDIO_InitStructure                       0x200005c0   Data          24  sd.o(.bss)
    SDIO_CmdInitStructure                    0x200005d8   Data          20  sd.o(.bss)
    SDIO_DataInitStructure                   0x200005ec   Data          24  sd.o(.bss)
    SDCardInfo                               0x20000628   Data          88  sd.o(.bss)
    SDIO_DATA_BUFFER                         0x20000680   Data         512  sd.o(.bss)
    fs                                       0x20000880   Data        1680  queue.o(.bss)
    stuNQTT1                                 0x20000f10   Data        2852  queue.o(.bss)
    nqttData_file                            0x20001a34   Data         552  queue.o(.bss)
    nqttLen_file                             0x20001c5c   Data         552  queue.o(.bss)
    nqttRetry_file                           0x20001e84   Data         552  queue.o(.bss)
    nqttSta_file                             0x200020ac   Data         552  queue.o(.bss)
    nqttStarAddr_file                        0x200022d4   Data         552  queue.o(.bss)
    MEM_BUFF                                 0x20002508   Data       25600  mymalloc.o(.bss)
    MEM_BCT_TAB                              0x20008908   Data         400  mymalloc.o(.bss)
    __libspace_start                         0x20008a98   Data          96  libspace.o(.bss)
    __temporary_stack_top$libspace           0x20008af8   Data           0  libspace.o(.bss)



==============================================================================

Memory Map of the image

  Image Entry point : 0x08000189

  Load Region LR_IROM1 (Base: 0x08000000, Size: 0x00034950, Max: 0x00080000, ABSOLUTE, COMPRESSED[0x000343c8])

    Execution Region ER_IROM1 (Base: 0x08000000, Size: 0x00034394, Max: 0x00080000, ABSOLUTE)

    Base Addr    Size         Type   Attr      Idx    E Section Name        Object

    0x08000000   0x00000188   Data   RO          305    RESET               startup_stm32f40_41xxx.o
    0x08000188   0x00000008   Code   RO          692  * !!!main             c_w.l(__main.o)
    0x08000190   0x00000034   Code   RO         1018    !!!scatter          c_w.l(__scatter.o)
    0x080001c4   0x0000005a   Code   RO         1016    !!dczerorl2         c_w.l(__dczerorl2.o)
    0x0800021e   0x00000002   PAD
    0x08000220   0x0000001c   Code   RO         1020    !!handler_zi        c_w.l(__scatter_zi.o)
    0x0800023c   0x00000000   Code   RO          677    .ARM.Collect$$_printf_percent$$00000000  c_w.l(_printf_percent.o)
    0x0800023c   0x00000006   Code   RO          749    .ARM.Collect$$_printf_percent$$00000001  c_w.l(_printf_n.o)
    0x08000242   0x00000006   Code   RO          751    .ARM.Collect$$_printf_percent$$00000002  c_w.l(_printf_p.o)
    0x08000248   0x00000006   Code   RO          754    .ARM.Collect$$_printf_percent$$00000003  c_w.l(_printf_f.o)
    0x0800024e   0x00000006   Code   RO          755    .ARM.Collect$$_printf_percent$$00000004  c_w.l(_printf_e.o)
    0x08000254   0x00000006   Code   RO          756    .ARM.Collect$$_printf_percent$$00000005  c_w.l(_printf_g.o)
    0x0800025a   0x00000006   Code   RO          757    .ARM.Collect$$_printf_percent$$00000006  c_w.l(_printf_a.o)
    0x08000260   0x0000000a   Code   RO          762    .ARM.Collect$$_printf_percent$$00000007  c_w.l(_printf_ll.o)
    0x0800026a   0x00000006   Code   RO          753    .ARM.Collect$$_printf_percent$$00000008  c_w.l(_printf_i.o)
    0x08000270   0x00000006   Code   RO          675    .ARM.Collect$$_printf_percent$$00000009  c_w.l(_printf_d.o)
    0x08000276   0x00000006   Code   RO          676    .ARM.Collect$$_printf_percent$$0000000A  c_w.l(_printf_u.o)
    0x0800027c   0x00000006   Code   RO          752    .ARM.Collect$$_printf_percent$$0000000B  c_w.l(_printf_o.o)
    0x08000282   0x00000006   Code   RO          750    .ARM.Collect$$_printf_percent$$0000000C  c_w.l(_printf_x.o)
    0x08000288   0x00000006   Code   RO          759    .ARM.Collect$$_printf_percent$$0000000D  c_w.l(_printf_lli.o)
    0x0800028e   0x00000006   Code   RO          760    .ARM.Collect$$_printf_percent$$0000000E  c_w.l(_printf_lld.o)
    0x08000294   0x00000006   Code   RO          761    .ARM.Collect$$_printf_percent$$0000000F  c_w.l(_printf_llu.o)
    0x0800029a   0x00000006   Code   RO          766    .ARM.Collect$$_printf_percent$$00000010  c_w.l(_printf_llo.o)
    0x080002a0   0x00000006   Code   RO          767    .ARM.Collect$$_printf_percent$$00000011  c_w.l(_printf_llx.o)
    0x080002a6   0x0000000a   Code   RO          763    .ARM.Collect$$_printf_percent$$00000012  c_w.l(_printf_l.o)
    0x080002b0   0x00000006   Code   RO          747    .ARM.Collect$$_printf_percent$$00000013  c_w.l(_printf_c.o)
    0x080002b6   0x00000006   Code   RO          748    .ARM.Collect$$_printf_percent$$00000014  c_w.l(_printf_s.o)
    0x080002bc   0x00000006   Code   RO          764    .ARM.Collect$$_printf_percent$$00000015  c_w.l(_printf_lc.o)
    0x080002c2   0x00000006   Code   RO          765    .ARM.Collect$$_printf_percent$$00000016  c_w.l(_printf_ls.o)
    0x080002c8   0x00000004   Code   RO          758    .ARM.Collect$$_printf_percent$$00000017  c_w.l(_printf_percent_end.o)
    0x080002cc   0x00000002   Code   RO          876    .ARM.Collect$$libinit$$00000000  c_w.l(libinit.o)
    0x080002ce   0x00000004   Code   RO          896    .ARM.Collect$$libinit$$00000001  c_w.l(libinit2.o)
    0x080002d2   0x00000000   Code   RO          899    .ARM.Collect$$libinit$$00000004  c_w.l(libinit2.o)
    0x080002d2   0x00000000   Code   RO          902    .ARM.Collect$$libinit$$0000000A  c_w.l(libinit2.o)
    0x080002d2   0x00000000   Code   RO          904    .ARM.Collect$$libinit$$0000000C  c_w.l(libinit2.o)
    0x080002d2   0x00000000   Code   RO          906    .ARM.Collect$$libinit$$0000000E  c_w.l(libinit2.o)
    0x080002d2   0x00000006   Code   RO          907    .ARM.Collect$$libinit$$0000000F  c_w.l(libinit2.o)
    0x080002d8   0x00000000   Code   RO          909    .ARM.Collect$$libinit$$00000011  c_w.l(libinit2.o)
    0x080002d8   0x0000000c   Code   RO          910    .ARM.Collect$$libinit$$00000012  c_w.l(libinit2.o)
    0x080002e4   0x00000000   Code   RO          911    .ARM.Collect$$libinit$$00000013  c_w.l(libinit2.o)
    0x080002e4   0x00000000   Code   RO          913    .ARM.Collect$$libinit$$00000015  c_w.l(libinit2.o)
    0x080002e4   0x0000000a   Code   RO          914    .ARM.Collect$$libinit$$00000016  c_w.l(libinit2.o)
    0x080002ee   0x00000000   Code   RO          915    .ARM.Collect$$libinit$$00000017  c_w.l(libinit2.o)
    0x080002ee   0x00000000   Code   RO          917    .ARM.Collect$$libinit$$00000019  c_w.l(libinit2.o)
    0x080002ee   0x00000000   Code   RO          919    .ARM.Collect$$libinit$$0000001B  c_w.l(libinit2.o)
    0x080002ee   0x00000000   Code   RO          921    .ARM.Collect$$libinit$$0000001D  c_w.l(libinit2.o)
    0x080002ee   0x00000000   Code   RO          923    .ARM.Collect$$libinit$$0000001F  c_w.l(libinit2.o)
    0x080002ee   0x00000000   Code   RO          925    .ARM.Collect$$libinit$$00000021  c_w.l(libinit2.o)
    0x080002ee   0x00000000   Code   RO          927    .ARM.Collect$$libinit$$00000023  c_w.l(libinit2.o)
    0x080002ee   0x00000000   Code   RO          929    .ARM.Collect$$libinit$$00000025  c_w.l(libinit2.o)
    0x080002ee   0x00000000   Code   RO          933    .ARM.Collect$$libinit$$0000002C  c_w.l(libinit2.o)
    0x080002ee   0x00000000   Code   RO          935    .ARM.Collect$$libinit$$0000002E  c_w.l(libinit2.o)
    0x080002ee   0x00000000   Code   RO          937    .ARM.Collect$$libinit$$00000030  c_w.l(libinit2.o)
    0x080002ee   0x00000000   Code   RO          939    .ARM.Collect$$libinit$$00000032  c_w.l(libinit2.o)
    0x080002ee   0x00000002   Code   RO          940    .ARM.Collect$$libinit$$00000033  c_w.l(libinit2.o)
    0x080002f0   0x00000002   Code   RO          968    .ARM.Collect$$libshutdown$$00000000  c_w.l(libshutdown.o)
    0x080002f2   0x00000000   Code   RO          982    .ARM.Collect$$libshutdown$$00000002  c_w.l(libshutdown2.o)
    0x080002f2   0x00000000   Code   RO          984    .ARM.Collect$$libshutdown$$00000004  c_w.l(libshutdown2.o)
    0x080002f2   0x00000000   Code   RO          987    .ARM.Collect$$libshutdown$$00000007  c_w.l(libshutdown2.o)
    0x080002f2   0x00000000   Code   RO          990    .ARM.Collect$$libshutdown$$0000000A  c_w.l(libshutdown2.o)
    0x080002f2   0x00000000   Code   RO          992    .ARM.Collect$$libshutdown$$0000000C  c_w.l(libshutdown2.o)
    0x080002f2   0x00000000   Code   RO          995    .ARM.Collect$$libshutdown$$0000000F  c_w.l(libshutdown2.o)
    0x080002f2   0x00000002   Code   RO          996    .ARM.Collect$$libshutdown$$00000010  c_w.l(libshutdown2.o)
    0x080002f4   0x00000000   Code   RO          696    .ARM.Collect$$rtentry$$00000000  c_w.l(__rtentry.o)
    0x080002f4   0x00000000   Code   RO          787    .ARM.Collect$$rtentry$$00000002  c_w.l(__rtentry2.o)
    0x080002f4   0x00000006   Code   RO          799    .ARM.Collect$$rtentry$$00000004  c_w.l(__rtentry4.o)
    0x080002fa   0x00000000   Code   RO          789    .ARM.Collect$$rtentry$$00000009  c_w.l(__rtentry2.o)
    0x080002fa   0x00000004   Code   RO          790    .ARM.Collect$$rtentry$$0000000A  c_w.l(__rtentry2.o)
    0x080002fe   0x00000000   Code   RO          792    .ARM.Collect$$rtentry$$0000000C  c_w.l(__rtentry2.o)
    0x080002fe   0x00000008   Code   RO          793    .ARM.Collect$$rtentry$$0000000D  c_w.l(__rtentry2.o)
    0x08000306   0x00000002   Code   RO          885    .ARM.Collect$$rtexit$$00000000  c_w.l(rtexit.o)
    0x08000308   0x00000000   Code   RO          942    .ARM.Collect$$rtexit$$00000002  c_w.l(rtexit2.o)
    0x08000308   0x00000004   Code   RO          943    .ARM.Collect$$rtexit$$00000003  c_w.l(rtexit2.o)
    0x0800030c   0x00000006   Code   RO          944    .ARM.Collect$$rtexit$$00000004  c_w.l(rtexit2.o)
    0x08000312   0x00000002   PAD
    0x08000314   0x00000010   Code   RO          224    .emb_text           sd.o
    0x08000324   0x000001d0   Code   RO            3    .text               main.o
    0x080004f4   0x00000160   Code   RO          170    .text               delay.o
    0x08000654   0x000000d0   Code   RO          193    .text               usart1.o
    0x08000724   0x00001cfc   Code   RO          225    .text               sd.o
    0x08002420   0x0000029c   Code   RO          275    .text               queue.o
    0x080026bc   0x00000040   Code   RO          306    .text               startup_stm32f40_41xxx.o
    0x080026fc   0x0000001a   Code   RO          312    .text               stm32f4xx_it.o
    0x08002716   0x00000002   PAD
    0x08002718   0x00000210   Code   RO          335    .text               system_stm32f4xx.o
    0x08002928   0x000000e0   Code   RO          361    .text               misc.o
    0x08002a08   0x00000294   Code   RO          381    .text               stm32f4xx_gpio.o
    0x08002c9c   0x0000065c   Code   RO          401    .text               stm32f4xx_rcc.o
    0x080032f8   0x00000454   Code   RO          443    .text               stm32f4xx_usart.o
    0x0800374c   0x000001dc   Code   RO          483    .text               stm32f4xx_sdio.o
    0x08003928   0x000003a8   Code   RO          503    .text               stm32f4xx_dma.o
    0x08003cd0   0x00000158   Code   RO          543    .text               diskio.o
    0x08003e28   0x0000329a   Code   RO          567    .text               ff.o
    0x080070c2   0x00000002   PAD
    0x080070c4   0x000000b4   Code   RO          589    .text               cc936.o
    0x08007178   0x000000d0   Code   RO          614    .text               mymalloc.o
    0x08007248   0x00000002   Code   RO          637    .text               c_w.l(use_no_semi_2.o)
    0x0800724a   0x00000048   Code   RO          639    .text               c_w.l(llsdiv.o)
    0x08007292   0x00000002   PAD
    0x08007294   0x00000018   Code   RO          641    .text               c_w.l(printf.o)
    0x080072ac   0x00000018   Code   RO          643    .text               c_w.l(__2printf.o)
    0x080072c4   0x0000002c   Code   RO          645    .text               c_w.l(__2sprintf.o)
    0x080072f0   0x00000078   Code   RO          653    .text               c_w.l(_printf_dec.o)
    0x08007368   0x00000188   Code   RO          672    .text               c_w.l(__printf_flags_ss_wp.o)
    0x080074f0   0x0000003c   Code   RO          678    .text               c_w.l(__0sscanf.o)
    0x0800752c   0x0000014c   Code   RO          680    .text               c_w.l(_scanf_int.o)
    0x08007678   0x0000003e   Code   RO          682    .text               c_w.l(strlen.o)
    0x080076b6   0x00000018   Code   RO          684    .text               c_w.l(strcat.o)
    0x080076ce   0x0000008a   Code   RO          686    .text               c_w.l(rt_memcpy_v6.o)
    0x08007758   0x00000044   Code   RO          688    .text               c_w.l(rt_memclr.o)
    0x0800779c   0x00000006   Code   RO          690    .text               c_w.l(heapauxi.o)
    0x080077a2   0x00000002   Code   RO          694    .text               c_w.l(use_no_semi.o)
    0x080077a4   0x000000ee   Code   RO          697    .text               c_w.l(lludivv7m.o)
    0x08007892   0x0000004e   Code   RO          699    .text               c_w.l(_printf_pad.o)
    0x080078e0   0x00000024   Code   RO          701    .text               c_w.l(_printf_truncate.o)
    0x08007904   0x00000052   Code   RO          703    .text               c_w.l(_printf_str.o)
    0x08007956   0x000000b2   Code   RO          705    .text               c_w.l(_printf_intcommon.o)
    0x08007a08   0x00000028   Code   RO          707    .text               c_w.l(_printf_charcount.o)
    0x08007a30   0x00000030   Code   RO          709    .text               c_w.l(_printf_char_common.o)
    0x08007a60   0x0000000a   Code   RO          711    .text               c_w.l(_sputc.o)
    0x08007a6a   0x00000002   PAD
    0x08007a6c   0x00000024   Code   RO          713    .text               c_w.l(_printf_char_file.o)
    0x08007a90   0x000000bc   Code   RO          715    .text               c_w.l(_printf_wctomb.o)
    0x08007b4c   0x0000007c   Code   RO          718    .text               c_w.l(_printf_longlong_dec.o)
    0x08007bc8   0x00000070   Code   RO          724    .text               c_w.l(_printf_oct_int_ll.o)
    0x08007c38   0x00000094   Code   RO          744    .text               c_w.l(_printf_hex_int_ll_ptr.o)
    0x08007ccc   0x0000001c   Code   RO          768    .text               c_w.l(_chval.o)
    0x08007ce8   0x0000002c   Code   RO          770    .text               c_w.l(scanf_char.o)
    0x08007d14   0x00000040   Code   RO          772    .text               c_w.l(_sgetc.o)
    0x08007d54   0x00000064   Code   RO          774    .text               c_w.l(rt_memcpy_w.o)
    0x08007db8   0x0000004e   Code   RO          776    .text               c_w.l(rt_memclr_w.o)
    0x08007e06   0x0000008a   Code   RO          805    .text               c_w.l(lludiv10.o)
    0x08007e90   0x00000012   Code   RO          807    .text               c_w.l(isspace.o)
    0x08007ea2   0x0000041a   Code   RO          809    .text               c_w.l(_printf_fp_dec.o)
    0x080082bc   0x000002fc   Code   RO          811    .text               c_w.l(_printf_fp_hex.o)
    0x080085b8   0x0000002c   Code   RO          816    .text               c_w.l(_printf_char.o)
    0x080085e4   0x0000002c   Code   RO          818    .text               c_w.l(_printf_wchar.o)
    0x08008610   0x00000374   Code   RO          820    .text               c_w.l(_scanf.o)
    0x08008984   0x00000008   Code   RO          822    .text               c_w.l(ferror.o)
    0x0800898c   0x00000040   Code   RO          826    .text               c_w.l(_wcrtomb.o)
    0x080089cc   0x0000004a   Code   RO          828    .text               c_w.l(sys_stackheap_outer.o)
    0x08008a16   0x00000002   PAD
    0x08008a18   0x00000010   Code   RO          830    .text               c_w.l(rt_ctype_table.o)
    0x08008a28   0x00000008   Code   RO          837    .text               c_w.l(rt_locale_intlibspace.o)
    0x08008a30   0x00000080   Code   RO          839    .text               c_w.l(_printf_fp_infnan.o)
    0x08008ab0   0x000000dc   Code   RO          841    .text               c_w.l(bigflt0.o)
    0x08008b8c   0x00000012   Code   RO          869    .text               c_w.l(exit.o)
    0x08008b9e   0x00000002   PAD
    0x08008ba0   0x00000008   Code   RO          882    .text               c_w.l(libspace.o)
    0x08008ba8   0x00000080   Code   RO          894    .text               c_w.l(strcmpv7m.o)
    0x08008c28   0x0000003e   Code   RO          844    CL$$btod_d2e        c_w.l(btod.o)
    0x08008c66   0x00000046   Code   RO          846    CL$$btod_d2e_denorm_low  c_w.l(btod.o)
    0x08008cac   0x00000060   Code   RO          845    CL$$btod_d2e_norm_op1  c_w.l(btod.o)
    0x08008d0c   0x00000338   Code   RO          854    CL$$btod_div_common  c_w.l(btod.o)
    0x08009044   0x000000c6   Code   RO          851    CL$$btod_e2e        c_w.l(btod.o)
    0x0800910a   0x00000028   Code   RO          848    CL$$btod_ediv       c_w.l(btod.o)
    0x08009132   0x00000028   Code   RO          847    CL$$btod_emul       c_w.l(btod.o)
    0x0800915a   0x00000244   Code   RO          853    CL$$btod_mult_common  c_w.l(btod.o)
    0x0800939e   0x00000030   Code   RO          880    i.__ARM_fpclassify  m_wm.l(fpclassify.o)
    0x080093ce   0x0000000e   Code   RO          665    i._is_digit         c_w.l(__printf_wp.o)
    0x080093dc   0x0000002c   Code   RO          867    locale$$code        c_w.l(lc_numeric_c.o)
    0x08009408   0x0000002c   Code   RO          888    locale$$code        c_w.l(lc_ctype_c.o)
    0x08009434   0x0000000a   Code   RO          956    x$fpl$fpinit        fz_wm.l(fpinit.o)
    0x0800943e   0x00000004   Code   RO          778    x$fpl$printf1       fz_wm.l(printf1.o)
    0x08009442   0x00000004   Code   RO          780    x$fpl$printf2       fz_wm.l(printf2.o)
    0x08009446   0x00000000   Code   RO          879    x$fpl$usenofp       fz_wm.l(usenofp.o)
    0x08009446   0x0000003a   Data   RO          569    .constdata          ff.o
    0x08009480   0x0002acc8   Data   RO          590    .constdata          cc936.o
    0x08034148   0x00000011   Data   RO          673    .constdata          c_w.l(__printf_flags_ss_wp.o)
    0x08034159   0x00000003   PAD
    0x0803415c   0x00000008   Data   RO          716    .constdata          c_w.l(_printf_wctomb.o)
    0x08034164   0x00000028   Data   RO          745    .constdata          c_w.l(_printf_hex_int_ll_ptr.o)
    0x0803418c   0x00000026   Data   RO          812    .constdata          c_w.l(_printf_fp_hex.o)
    0x080341b2   0x00000002   PAD
    0x080341b4   0x00000094   Data   RO          842    .constdata          c_w.l(bigflt0.o)
    0x08034248   0x00000020   Data   RO         1014    Region$$Table       anon$$obj.o
    0x08034268   0x0000001c   Data   RO          866    locale$$data        c_w.l(lc_numeric_c.o)
    0x08034284   0x00000110   Data   RO          887    locale$$data        c_w.l(lc_ctype_c.o)


    Execution Region RW_IRAM1 (Base: 0x20000000, Size: 0x000090f8, Max: 0x00020000, ABSOLUTE, COMPRESSED[0x00000034])

    Base Addr    Size         Type   Attr      Idx    E Section Name        Object

    0x20000000   0x0000057c   Data   RW            4    .data               main.o
    0x2000057c   0x00000006   Data   RW          195    .data               usart1.o
    0x20000582   0x00000002   PAD
    0x20000584   0x00000010   Data   RW          227    .data               sd.o
    0x20000594   0x00000014   Data   RW          336    .data               system_stm32f4xx.o
    0x200005a8   0x00000010   Data   RW          402    .data               stm32f4xx_rcc.o
    0x200005b8   0x00000002   Data   RW          570    .data               ff.o
    0x200005ba   0x00000006   PAD
    0x200005c0   0x000002c0   Zero   RW          226    .bss                sd.o
    0x20000880   0x00001c7c   Zero   RW          276    .bss                queue.o
    0x200024fc   0x0000000c   Zero   RW          568    .bss                ff.o
    0x20002508   0x00006590   Zero   RW          615    .bss                mymalloc.o
    0x20008a98   0x00000060   Zero   RW          883    .bss                c_w.l(libspace.o)
    0x20008af8   0x00000200   Zero   RW          304    HEAP                startup_stm32f40_41xxx.o
    0x20008cf8   0x00000400   Zero   RW          303    STACK               startup_stm32f40_41xxx.o


==============================================================================

Image component sizes


      Code (inc. data)   RO Data    RW Data    ZI Data      Debug   Object Name

       180         18     175304          0          0       2361   cc936.o
       352          6          0          0          0       1179   delay.o
       344          4          0          0          0       4377   diskio.o
     12954        136         58          2         12      38418   ff.o
       464        230          0       1404          0     287920   main.o
       224         20          0          0          0       1873   misc.o
       208          8          0          0      26000       1968   mymalloc.o
       668         40          0          0       7292       3872   queue.o
      7436        274          0         16        704      25264   sd.o
        64         26        392          0       1536        852   startup_stm32f40_41xxx.o
       936         32          0          0          0       6445   stm32f4xx_dma.o
       660         44          0          0          0       4213   stm32f4xx_gpio.o
        26          0          0          0          0       1466   stm32f4xx_it.o
      1628         52          0         16          0      13116   stm32f4xx_rcc.o
       476         16          0          0          0       7476   stm32f4xx_sdio.o
      1108         34          0          0          0       7936   stm32f4xx_usart.o
       528         46          0         20          0       1907   system_stm32f4xx.o
       208         10          0          6          0       3164   usart1.o

    ----------------------------------------------------------------------
     28468        996     175786       1468      35548     413807   Object Totals
         0          0         32          0          0          0   (incl. Generated)
         4          0          0          4          4          0   (incl. Padding)

    ----------------------------------------------------------------------

      Code (inc. data)   RO Data    RW Data    ZI Data      Debug   Library Member Name

        60          8          0          0          0         84   __0sscanf.o
        24          4          0          0          0         84   __2printf.o
        44          6          0          0          0         84   __2sprintf.o
        90          0          0          0          0          0   __dczerorl2.o
         8          0          0          0          0         68   __main.o
       392          4         17          0          0         92   __printf_flags_ss_wp.o
        14          0          0          0          0         68   __printf_wp.o
         0          0          0          0          0          0   __rtentry.o
        12          0          0          0          0          0   __rtentry2.o
         6          0          0          0          0          0   __rtentry4.o
        52          8          0          0          0          0   __scatter.o
        28          0          0          0          0          0   __scatter_zi.o
        28          0          0          0          0         68   _chval.o
         6          0          0          0          0          0   _printf_a.o
         6          0          0          0          0          0   _printf_c.o
        44          0          0          0          0        108   _printf_char.o
        48          6          0          0          0         96   _printf_char_common.o
        36          4          0          0          0         80   _printf_char_file.o
        40          0          0          0          0         68   _printf_charcount.o
         6          0          0          0          0          0   _printf_d.o
       120         16          0          0          0         92   _printf_dec.o
         6          0          0          0          0          0   _printf_e.o
         6          0          0          0          0          0   _printf_f.o
      1050          0          0          0          0        216   _printf_fp_dec.o
       764          8         38          0          0        100   _printf_fp_hex.o
       128         16          0          0          0         84   _printf_fp_infnan.o
         6          0          0          0          0          0   _printf_g.o
       148          4         40          0          0        160   _printf_hex_int_ll_ptr.o
         6          0          0          0          0          0   _printf_i.o
       178          0          0          0          0         88   _printf_intcommon.o
        10          0          0          0          0          0   _printf_l.o
         6          0          0          0          0          0   _printf_lc.o
        10          0          0          0          0          0   _printf_ll.o
         6          0          0          0          0          0   _printf_lld.o
         6          0          0          0          0          0   _printf_lli.o
         6          0          0          0          0          0   _printf_llo.o
         6          0          0          0          0          0   _printf_llu.o
         6          0          0          0          0          0   _printf_llx.o
       124         16          0          0          0         92   _printf_longlong_dec.o
         6          0          0          0          0          0   _printf_ls.o
         6          0          0          0          0          0   _printf_n.o
         6          0          0          0          0          0   _printf_o.o
       112         10          0          0          0        124   _printf_oct_int_ll.o
         6          0          0          0          0          0   _printf_p.o
        78          0          0          0          0        108   _printf_pad.o
         0          0          0          0          0          0   _printf_percent.o
         4          0          0          0          0          0   _printf_percent_end.o
         6          0          0          0          0          0   _printf_s.o
        82          0          0          0          0         80   _printf_str.o
        36          0          0          0          0         84   _printf_truncate.o
         6          0          0          0          0          0   _printf_u.o
        44          0          0          0          0        108   _printf_wchar.o
       188          6          8          0          0         92   _printf_wctomb.o
         6          0          0          0          0          0   _printf_x.o
       884          6          0          0          0        100   _scanf.o
       332          0          0          0          0         96   _scanf_int.o
        64          0          0          0          0         84   _sgetc.o
        10          0          0          0          0         68   _sputc.o
        64          0          0          0          0         92   _wcrtomb.o
       220          4        148          0          0         96   bigflt0.o
      1910        128          0          0          0        672   btod.o
        18          0          0          0          0         80   exit.o
         8          0          0          0          0         68   ferror.o
         6          0          0          0          0        152   heapauxi.o
        18          0          0          0          0         76   isspace.o
        44         10        272          0          0         76   lc_ctype_c.o
        44         10         28          0          0         76   lc_numeric_c.o
         2          0          0          0          0          0   libinit.o
        34          0          0          0          0          0   libinit2.o
         2          0          0          0          0          0   libshutdown.o
         2          0          0          0          0          0   libshutdown2.o
         8          4          0          0         96         68   libspace.o
        72          0          0          0          0         76   llsdiv.o
       138          0          0          0          0         80   lludiv10.o
       238          0          0          0          0        100   lludivv7m.o
        24          4          0          0          0         84   printf.o
        16          4          0          0          0         76   rt_ctype_table.o
         8          4          0          0          0         68   rt_locale_intlibspace.o
        68          0          0          0          0         68   rt_memclr.o
        78          0          0          0          0         80   rt_memclr_w.o
       138          0          0          0          0         68   rt_memcpy_v6.o
       100          0          0          0          0         80   rt_memcpy_w.o
         2          0          0          0          0          0   rtexit.o
        10          0          0          0          0          0   rtexit2.o
        44          8          0          0          0         84   scanf_char.o
        24          0          0          0          0         68   strcat.o
       128          0          0          0          0         68   strcmpv7m.o
        62          0          0          0          0         76   strlen.o
        74          0          0          0          0         80   sys_stackheap_outer.o
         2          0          0          0          0         68   use_no_semi.o
         2          0          0          0          0         68   use_no_semi_2.o
        10          0          0          0          0        116   fpinit.o
         4          0          0          0          0        116   printf1.o
         4          0          0          0          0        116   printf2.o
         0          0          0          0          0          0   usenofp.o
        48          0          0          0          0        124   fpclassify.o

    ----------------------------------------------------------------------
      9098        298        556          0         96       5896   Library Totals
        12          0          5          0          0          0   (incl. Padding)

    ----------------------------------------------------------------------

      Code (inc. data)   RO Data    RW Data    ZI Data      Debug   Library Name

      9020        298        551          0         96       5424   c_w.l
        18          0          0          0          0        348   fz_wm.l
        48          0          0          0          0        124   m_wm.l

    ----------------------------------------------------------------------
      9098        298        556          0         96       5896   Library Totals

    ----------------------------------------------------------------------

==============================================================================


      Code (inc. data)   RO Data    RW Data    ZI Data      Debug   

     37566       1294     176342       1468      35644     412335   Grand Totals
     37566       1294     176342         52      35644     412335   ELF Image Totals (compressed)
     37566       1294     176342         52          0          0   ROM Totals

==============================================================================

    Total RO  Size (Code + RO Data)               213908 ( 208.89kB)
    Total RW  Size (RW Data + ZI Data)             37112 (  36.24kB)
    Total ROM Size (Code + RO Data + RW Data)     213960 ( 208.95kB)

==============================================================================

